to find out python executable path
===============================================
C:\Users\abc>python -c "import sys; print(sys.executable)"
C:\msys64\ucrt64\bin\python.exe
open the command prompt by using windows+R

C:\Users\abc>python
Python 3.11.7 (main, Dec  7 2023, 09:09:57)  [GCC UCRT 13.2.0 64 bit (AMD64)] on win32
Type "help", "copyright", "credits" or "license" for more information.
>>> import sys
>>> print(sys.executable)
C:\msys64\ucrt64\bin\python.exe
===============================================

Install Python Extension to work on vs code
============================================
first we need to install python on our windows os, ensure properly installed or not by passing below comand in cmd

C:\Users\abc>python --version
Python 3.11.7

or

C:\Users\abc>python3 --version
Python 3.11.7

then Go to the Extensions view by clicking the Extensions icon in the Activity Bar on the side of the window or pressing 
Ctrl+Shift+X.

then Search for "Python" in the Extensions Marketplace.
Install the extension provided by Microsoft.

Python Debugger extension for Visual Studio Code (Python Debugger extension using debugpy.)

Select Python Interpreter:
==========================
Open a Python file in VS Code.
Press Ctrl+Shift+P to open the Command Palette.
Type and select Python: Select Interpreter.
Choose the appropriate Python interpreter from the list (Python 3.11.7 64-bit (system) C:\msys64\ucrt64\bin\python.exe-Recommended)

Debugging Python code in Visual Studio Code (VS Code) is a straightforward process thanks to the built-in debugging capabilities. 
Here’s a detailed guide on how to set it up and use it effectively:

Debugging a Python Script
=========================
1. Open Your Python Script:
--------------------------
   - Open the Python file you want to debug in VS Code.

2. Set Breakpoints:
-------------------
   - Click in the gutter to the left of the line numbers in your Python script where you want to set a breakpoint. A red dot will 
appear to indicate the breakpoint.

3. Start Debugging:
-------------------
   - Go to the Run view by clicking the Run icon in the Activity Bar on the side of the window or pressing `Ctrl+Shift+D`.
   - Click on "Run and Debug" or press `F5`.
   - If this is your first time debugging, VS Code will prompt you to select a debug configuration. Choose "Python File".

Debugging Features
------------------
- Step Over (F10): Execute the current line of code and move to the next line in the same function.
- Step Into (F11): Dive into the function call on the current line.
- Step Out (Shift+F11): Step out of the current function and return to the caller function.
- Continue (F5): Resume execution until the next breakpoint.
- Restart (Ctrl+Shift+F5): Restart the debugging session.
- Stop (Shift+F5): Stop the debugging session.

Using Debug Console
-------------------
- The Debug Console allows you to evaluate expressions, inspect variables, and interact with the running code.
- You can access it by clicking the Debug Console tab in the lower panel.

Configuration with launch.json
-------------------------------
For more advanced debugging configurations, you can create and edit the `launch.json` file.

1. Create launch.json:
----------------------
   - Go to the Run view and click on "create a launch.json file".
   - Choose "Python" as the environment.

2. Edit launch.json:
--------------------
   - Configure different aspects of debugging such as environment variables, program arguments, and more.
   - Example configuration:
     
     {
         "version": "0.2.0",
         "configurations": [
             {
                 "name": "Python: Current File",
                 "type": "python",
                 "request": "launch",
                 "program": "${file}",
                 "console": "integratedTerminal"
             }
         ]
     }


Conditional Breakpoints
------------------------
- Right-click on a breakpoint and select "Edit Breakpoint".
- Set conditions under which the breakpoint should be hit, such as expressions that must evaluate to true.

Data Inspection
---------------
- Variables View: Inspect local and global variables.
- Watch Window: Add expressions to watch and evaluate their values during debugging.

Summary
-------
By following these steps, you can set up and effectively use the debugging features in Visual Studio Code to troubleshoot and debug 
your Python code. This process helps in identifying and fixing bugs, understanding code flow, and improving overall code quality.

Download and install Python:
----------------------------
If Python is not installed, download it from the official website:https://www.python.org/downloads/ Follow the installation 
instructions for your operating system.

install on windows https://www.python.org/downloads/windows/

then pass the below command
C:\Users\abc>python --version
Python 3.11.7

or

C:\Users\abc>python3 --version
Python 3.11.7

Invoking the Python Interpreter
--------------------------------
Once Python is installed, you can start the interpreter in several ways:

From the Command Line or Terminal
---------------------------------
C:\Users\abc>python3
This will start the interactive Python interpreter, and you'll see a prompt like this:

The ">>>" is the Python prompt, indicating that the interpreter is ready to accept commands.

Python 3.11.7 (main, Dec  7 2023, 09:09:57)  [GCC UCRT 13.2.0 64 bit (AMD64)] on win32
Type "help", "copyright", "credits" or "license" for more information.

or

python
Python 3.11.7 (main, Dec  7 2023, 09:09:57)  [GCC UCRT 13.2.0 64 bit (AMD64)] on win32
Type "help", "copyright", "credits" or "license" for more information.

>>> 1+2
3
>>> a=1
>>> b=2
>>> a+b
3

to exit from interpreter ctrl+z
------------------------
>>> exit() 

or

ctrl+z then enter

Using an Integrated Development Environment (IDE)
-------------------------------------------------
IDEs like PyCharm, VSCode, or Jupyter Notebooks provide built-in terminals or consoles where you can run Python code interactively.

From a Script
-------------
Running a Python Script:
------------------------
Save your Python code in a file with a .py extension, for example script.py. Then, run it from the command line:

open notepad and write the below code

script.py
=========
def greet(name):
    print(f"Hello, {name}!")

if __name__ == "__main__":
    greet("World")

C:\Users\abc>cd desktop

C:\Users\abc\Desktop>python script.py
Hello, World!

in vs code
greet_module.py
---------------
def greet(name):
    print(f"Hello, {name}!")

if __name__ == "__main__":
    greet("sai")

in vs code terminal
output
------
PS C:\Users\abc\Desktop\python debug> python greet_module.py
Hello, sai!

main_script.py
--------------
import greet_module

# Using the greet function from the greet_module
greet_module.greet("John")

print("main_script.py is running")

in vs code terminal
output
-------
PS C:\Users\abc\Desktop\python debug> python main_script.py 
Hello, John!
main_script.py is running
+++++++++++++++++++++++++++++++++++++++++++++++++++++++++++++++++++++++++++++++++++++++++++++++++++++++++++++++++++++++++++++++++++++
explanation
-----------
In Python, the line if __name__ == "__main__": is used to determine if the script is being run as the main program or if it is being 
imported as a module into another script. 

Here's a detailed explanation of the concept:

Explanation of if __name__ == "__main__":

- __name__: This is a special built-in variable in Python. When a Python file is run directly, the interpreter assigns the string 
"__main__" to the __name__ variable. If the file is being imported as a module in another script, the __name__ variable is set to the 
name of the module.

- if __name__ == "__main__":: This conditional statement checks whether the script is being executed directly 
(in which case __name__ will be "__main__") or being imported (in which case __name__ will be the name of the script/module).

Purpose of Using if __name__ == "__main__":

1. Executing Code Only When the Script is Run Directly:
   - This construct allows certain code to run only when the script is executed directly. It prevents code from being executed when 
the script is imported as a module into another script.

2. Modular Code and Reusability:
   - By using this approach, you can define functions, classes, and variables that can be imported and reused in other scripts without
executing the main script's code.

Example:

Let's look at the given code snippet to understand its usage:

def greet(name):
    print(f"Hello, {name}!")

if __name__ == "__main__":
    greet("sai")

What Happens When the Script is Run Directly:
- When you run this script directly (e.g., python script_name.py), the interpreter assigns "__main__" to __name__.
- The condition if __name__ == "__main__": evaluates to True, and the code inside the if block is executed.
- Output: Hello, sai!

What Happens When the Script is Imported as a Module:
- Suppose you have another script where you import this script:

  import script_name

  script_name.greet("John")

- When script_name.py is imported, the interpreter assigns the module's name (e.g., script_name) to __name__.
- The condition if __name__ == "__main__": evaluates to False, so the code inside the if block is not executed.
- The function greet is available for use in the importing script, but the greet("sai") line does not run automatically.

Summary:
Using if __name__ == "__main__": is a common Python idiom that ensures certain code runs only when the script is executed directly. 
This practice enhances code modularity, reusability, and prevents unintended code execution when modules are imported.
+++++++++++++++++++++++++++++++++++++++++++++++++++++++++++++++++++++++++++++++++++++++++++++++++++++++++++++++++++++++++++++++++++

Argument Passing
When you run a Python script, you can pass arguments from the command line. These arguments are accessible within the script via the 
sys.argv list from the sys module.

script.py
=========
import sys

def greet(name):
    print(f"Hello, {name}!")

if __name__ == "__main__":
    if len(sys.argv) > 1:
        name = sys.argv[1]
    else:
        name = "World"
    greet(name)

C:\Users\abc\Desktop>python script.py
Hello, World!

sys.argv will be [script.py].
len(sys.argv) will be 1.
The condition if len(sys.argv) > 1: will be false.
The variable name will be set to "world".

C:\Users\abc\Desktop>python script.py sai
Hello, sai!

sys.argv will be ['script.py', 'sai'].
len(sys.argv) will be 2.
The condition if len(sys.argv) > 1: will be true.
The variable name will be set to "sai".

C:\Users\abc\Desktop>python
Python 3.11.7 (main, Dec  7 2023, 09:09:57)  [GCC UCRT 13.2.0 64 bit (AMD64)] on win32
Type "help", "copyright", "credits" or "license" for more information.
>>> for i in range(3):
...    print(i)
...
0
1
2

script.py
=========
# interactive_script.py

import sys

def add(a, b):
    return a + b

if __name__ == "__main__":
    if len(sys.argv) == 3:
        num1 = float(sys.argv[1])
        num2 = float(sys.argv[2])
        result = add(num1, num2)
        print(f"The sum of {num1} and {num2} is {result}")
    else:
        print("Please provide two numbers as arguments.")

C:\Users\abc\Desktop>python script.py
Please provide two numbers as arguments.

C:\Users\abc\Desktop>python script.py 3 5
The sum of 3.0 and 5.0 is 8.0

C:\Users\abc\Desktop>python
Python 3.11.7 (main, Dec  7 2023, 09:09:57)  [GCC UCRT 13.2.0 64 bit (AMD64)] on win32
Type "help", "copyright", "credits" or "license" for more information.
>>> from script import add
>>> add(10,20)
30

The Python Interpreter and Its Environment
-------------------------------------------
The Python interpreter is a program that reads and executes Python code. When you run Python code, the interpreter processes it and 
executes the commands. Understanding how to invoke and interact with the interpreter, as well as how to handle source code encoding, 
is crucial for effective Python programming.

Source Code Encoding
--------------------
By default, Python source files are encoded in UTF-8. This encoding supports a wide range of characters, including international 
characters. If your source file contains non-ASCII characters, it’s a good practice to specify the encoding at the top of the file.

Specifying Source Code Encoding
--------------------------------
Add a special comment at the top of your Python file to specify the encoding. For example, to use UTF-8 encoding, include the 
following line at the top of your script:

script.py
=========
# -*- coding: utf-8 -*-

def greet(name):
    print(f"Hello, {name}!")

greet("世界")  # Hello, World in Chinese

C:\Users\abc\Desktop>python script.py
Hello, 世界!

Using Python as a Calculator
-----------------------------
Python can perform arithmetic operations just like a calculator.

Basic Arithmetic Operations

open interpreter
>>> 2 + 3
5
>>> 5 - 2
3
>>> 3 * 4
12
>>> 8 / 2
4.0
>>> 10 // 3  # Integer division
3
>>> 10 % 3  # Modulus (remainder)
1
>>> 2 ** 3  # Exponentiation
8
++++++++++++++++++++++++++++++++++++++++++++++++++++++++++++++++++++++++++++++++++++++++++++++++++++++++++++++++++++++++++++++++++++++
In Python, the three operations 10 / 2, 10 // 2, and 10 % 2 perform different types of division and modulus operations. Let's 
break down each one:

1. Division (/)

Statement: 10 / 2

- Operation: Division
- Result: This operation performs a floating-point division.
- Example:
  
  result = 10 / 2
  print(result)  # Output: 5.0
  
- Explanation: The division operator `/` returns the quotient of the division as a floating-point number, even if both operands are 
integers.

2. Floor Division (`//`)

Statement: 10 // 2

- Operation: Floor Division
- Result: This operation performs an integer (or floor) division.
- Example:
  
  result = 10 // 2
  print(result)  # Output: 5
  
- Explanation: The floor division operator // returns the largest possible integer that is less than or equal to the result of the 
division. It effectively discards the decimal part and rounds down to the nearest integer.

3. Modulus (%)

Statement: 10 % 2

- Operation: Modulus
- Result: This operation returns the remainder of the division.
- Example:
  
  result = 10 % 2
  print(result)  # Output: 0
  
- Explanation: The modulus operator `%` returns the remainder of the division of the left operand by the right operand. In this case, 
since 10 is perfectly divisible by 2, the remainder is 0.

Summary:
- 10 / 2: Performs floating-point division and returns `5.0`.
- 10 // 2: Performs floor division and returns `5` (an integer).
- 10 % 2: Returns the remainder of the division, which is `0`.

These operations are commonly used for different purposes:
- /: When you need a precise division result as a float.
- //: When you need an integer result, typically used in scenarios where the fractional part is not required (e.g., pagination, 
chunking).
- %: When you need the remainder of a division, often used in algorithms to determine even/odd numbers or in cyclic operations 
(e.g., clock arithmetic).
++++++++++++++++++++++++++++++++++++++++++++++++++++++++++++++++++++++++++++++++++++++++++++++++++++++++++++++++++++++++++++++++++++
Working with Numbers
--------------------
Python supports different types of numbers, including integers, floating-point numbers, and complex numbers.

Integer and Floating-Point
>>> a=10
>>> b=3.5
>>> a+b
13.5
>>> type(a)
<class 'int'>
>>> type(b)
<class 'float'>

Complex Numbers
>>> c=1+2j
>>> d=3-4j
>>> c+d
(4-2j)
>>> type(c)
<class 'complex'>

Working with Text
-----------------
Text in Python is represented by strings, which are sequences of characters. Strings can be defined using single quotes, double 
quotes, or triple quotes for multi-line text.

Creating Strings
>>> s1="hello"
>>> s2="world"
>>> s3='''this is a
... multiline string.'''
>>> s1
'hello'
>>> s2
'world'
>>> s3
'this is a\nmultiline string.'

String Operations
=================
>>> s1 + ' ' + s2  # Concatenation
'Hello World'
>>> s1 * 3  # Repetition
'HelloHelloHello'
>>> len(s1)  # Length
5
>>> s1[1]  # Indexing (0-based)
'e'
>>> s1[1:4]  # Slicing
'ell'

Working with Lists
-------------------
Lists are ordered collections of items that can be of any type. Lists are mutable, meaning they can be changed after creation.

Creating Lists
>>> numbers=[1,2,3,4,5]
>>> fruits=['apple','banana','cherry']
>>> mixed=[1,'hello',3.14,[2,3]]
>>> numbers
[1, 2, 3, 4, 5]
>>> fruits
['apple', 'banana', 'cherry']
>>> mixed
[1, 'hello', 3.14, [2, 3]]


List Operations
===============
>>> numbers.append(6)  # Adding an item
>>> numbers
[1, 2, 3, 4, 5, 6]
>>> fruits[1]  # Indexing
'banana'
>>> fruits[1:3]  # Slicing
['banana', 'cherry']
>>> numbers + [7, 8, 9]  # Concatenation
[1, 2, 3, 4, 5, 6, 7, 8, 9]
>>> len(fruits)  # Length
3
>>> 'apple' in fruits  # Membership test
True

>>> mixed[1:3]
['hello', 3.14]
>>> mixed[0:1]
[1]
>>> mixed[0:-1]
[1, 'hello', 3.14]
>>> mixed[-1]
[2, 3]
>>>

>>> mixed[1:3]
['hello', 3.14]
>>> mixed[0:1]
[1]
>>> mixed[0:-1]
[1, 'hello', 3.14]
>>> mixed[-1]
[2, 3]

C:\Users\abc>python
Python 3.12.4 (tags/v3.12.4:8e8a4ba, Jun  6 2024, 19:30:16) [MSC v.1940 64 bit (AMD64)] on win32
Type "help", "copyright", "credits" or "license" for more information.
>>> mixed=[1,'hello',3.14,[2,3]]
>>> element = mixed[3][0]
>>> print(element)
2

+++++++++++++++++++++++++++++++++++++++++++++++++++++++
mixed[3]: Accesses the fourth element of the list mixed, which is the sublist [2, 3].
mixed[3][0]: Accesses the first element of the sublist [2, 3], which is 2.
+++++++++++++++++++++++++++++++++++++++++++++++++++++++


script.py
=========
# simple_calculator.py

def add(x, y):
    return x + y

def subtract(x, y):
    return x - y

def multiply(x, y):
    return x * y

def divide(x, y):
    if y != 0:
        return x / y
    else:
        return "Cannot divide by zero"

if __name__ == "__main__":
    print("Simple Calculator")
    a = float(input("Enter first number: "))
    b = float(input("Enter second number: "))
    
    print(f"{a} + {b} = {add(a, b)}")
    print(f"{a} - {b} = {subtract(a, b)}")
    print(f"{a} * {b} = {multiply(a, b)}")
    print(f"{a} / {b} = {divide(a, b)}")

output
======
C:\Users\abc\Desktop>python script.py
Simple Calculator
Enter first number: 13
Enter second number: 17
13.0 + 17.0 = 30.0
13.0 - 17.0 = -4.0
13.0 * 17.0 = 221.0
13.0 / 17.0 = 0.7647058823529411

Control flow tools
==================
Control flow tools in Python allow you to control the execution of your code based on conditions and loops. Let's explore these tools 
with examples.

if Statements
-------------
The if statement is used to execute a block of code only if a specified condition is true.

script.py
=========
x = 10

if x > 0:
    print("x is positive")
elif x == 0:
    print("x is zero")
else:
    print("x is negative")

C:\Users\abc\Desktop>python script.py
x is positive

for Statements
--------------
The for statement is used to iterate over a sequence (such as a list, tuple, string, or range, dictionary, set).

fruits = ["apple", "banana", "cherry"]

for fruit in fruits:
    print(fruit)

++++++++++++++++++++++++++++++++++++++++++++
fruit: This is a loop variable that takes the value of the next item in the sequence on each iteration of the loop. It is a temporary 
variable used only within the loop.

in: This keyword is used to check for membership in a sequence. In the context of a for loop, it indicates that the loop should 
iterate over each item in the sequence.

The for loop will iterate over each element in the fruits list one by one.
On each iteration, the variable fruit will be assigned the current element from the list fruits.
The code block inside the loop (print(fruit)) will be executed for each element.

++++++++++++++++++++++++++++++++++++++++++++

C:\Users\abc\Desktop>python script.py
apple
banana
cherry

The range() Function
The range() function generates a sequence of numbers, which is often used with for loops.

for i in range(5):
    print(i)

for i in range(2, 10, 2):
    print(i)

C:\Users\abc\Desktop>python script.py
0
1
2
3
4

2
4
6
8

+++++++++++++++++++++++++++++++++++++++++++++++++++++++
The range(5) function generates a sequence of numbers from 0 to 4 (5 numbers in total, starting from 0 and stopping before 5).
The for loop iterates over each number in this sequence, assigning it to the variable i in each iteration.
The print(i) statement prints the current value of i during each iteration.

The range(2, 10, 2) function generates a sequence of numbers starting from 2, stopping before 10, and incrementing by 2 each time.
The for loop iterates over each number in this sequence, assigning it to the variable i in each iteration.
The print(i) statement prints the current value of i during each iteration
+++++++++++++++++++++++++++++++++++++++++++++++++++++++

break and continue Statements, and else Clauses on Loops
--------------------------------------------------------
break: Terminates the loop prematurely.
------
continue: Skips the rest of the current loop iteration and moves to the next iteration.
--------
else on loops: The else clause executes after the loop completes normally (without hitting a break).
--------------

for i in range(10):
    if i == 5:
        break
    print(i)
else:
    print("Loop completed without break")  # This won't be printed.

for i in range(10):
    if i % 2 == 0:
        continue
    print(i)
else:
    print("Loop completed without break")  # This will be printed.


C:\Users\abc\Desktop>python script.py
0
1
2
3
4
1
3
5
7
9
Loop completed without break

pass Statements
---------------
The pass statement is a null operation; it does nothing. It can be used as a placeholder for future code.

match Statements
-----------------
The match statement, introduced in Python 3.10, provides pattern matching similar to a switch statement in other languages.

def http_error(status):
    match status:
        case 400:
            return "Bad request"
        case 401 | 403:
            return "Unauthorized or Forbidden"
        case 404:
            return "Not found"
        case _:
            return "Unknown error"

print(http_error(404))  # Output: Not found
print(http_error(500))  # Output: Unknown error

C:\Users\abc\Desktop>python script.py
Not found
Unknown error

Example Program Combining Control Flow Tools
---------------------------------------------
Let's write a program that demonstrates the use of if, for, range, break, continue, pass, and match statements.

Example Program: Number Analyzer
--------------------------------
def analyze_number(num):
    if num < 0:
        print("Negative number")
    elif num == 0:
        print("Zero")
    else:
        print("Positive number")

def categorize_number(num):
    match num:
        case 1:
            return "One"
        case 2:
            return "Two"
        case 3:
            return "Three"
        case _:
            return "Other"

def main():
    numbers = range(-3, 4)  # -3, -2, -1, 0, 1, 2, 3

    for num in numbers:
        if num == 2:
            pass  # Placeholder for potential future logic
        elif num == 3:
            continue  # Skip the number 3
        elif num == 4:
            break  # Exit the loop if num is 4
        
        analyze_number(num)
        category = categorize_number(num)
        print(f"{num} is categorized as: {category}")
    else:
        print("Completed analyzing numbers")

if __name__ == "__main__":
    main()

C:\Users\abc\Desktop>python script.py
Negative number
-3 is categorized as: Other
Negative number
-2 is categorized as: Other
Negative number
-1 is categorized as: Other
Zero
0 is categorized as: Other
Positive number
1 is categorized as: One
Positive number
2 is categorized as: Two
Completed analyzing numbers

+++++++++++++++++++++++++++++++++++++++++++++++++++++++++++++++++++++++++
Let's break down the provided Python program analyze_number.py line by line to understand its functionality and how each part works.

Function Definitions

1. analyze_number(num):

def analyze_number(num):
    if num < 0:
        print("Negative number")
    elif num == 0:
        print("Zero")
    else:
        print("Positive number")

- This function analyze_number takes an integer num as input and prints whether num is negative, zero, or positive based on the 
conditional checks:
  - If num is less than 0 (num < 0), it prints "Negative number".
  - Else if num equals 0 (num == 0), it prints "Zero".
  - Otherwise, it prints "Positive number".

2. categorize_number(num):

def categorize_number(num):
    match num:
        case 1:
            return "One"
        case 2:
            return "Two"
        case 3:
            return "Three"
        case _:
            return "Other"

- This function `categorize_number` categorizes an integer `num` into predefined categories using the new match statement introduced 
in Python 3.10:
  - case 1: returns "One" if num equals 1.
  - case 2: returns "Two" if num equals 2.
  - case 3: returns "Three" if num equals 3.
  - case _: return "Other" serves as a default case, returning "Other" for any other value of num.

Main Function

3. main():

def main():
    numbers = range(-3, 4)  # -3, -2, -1, 0, 1, 2, 3

    for num in numbers:
        if num == 2:
            pass  # Placeholder for potential future logic
        elif num == 3:
            continue  # Skip the number 3
        elif num == 4:
            break  # Exit the loop if num is 4
        
        analyze_number(num)
        category = categorize_number(num)
        print(f"{num} is categorized as: {category}")
    else:
        print("Completed analyzing numbers")

- The main() function:
  - Initializes numbers with a range from -3 to 3 (range(-3, 4) includes -3, -2, -1, 0, 1, 2, 3).
  - Iterates through each num in numbers.
  - Inside the loop:
    - Checks conditions with if, elif, and else blocks:
      - pass: does nothing and acts as a placeholder for future logic for num == 2.
      - continue: skips the current iteration and moves to the next num if num == 3.
      - break: exits the loop completely if num == 4.
    - Calls analyze_number(num) to print whether num is negative, zero, or positive.
    - Calls categorize_number(num) to categorize num and assigns the result to category.
    - Prints the categorization result using formatted string literals (f"{num} is categorized as: {category}").
  - After completing the loop (for num in numbers:), the else block of the loop executes, printing "Completed analyzing numbers"

if __name__ == "__main__":
    main()

- This conditional statement checks if the script is being run directly (__name__ is "__main__").
- If true, it calls the main() function, executing the entire script.
- If false, it means the script is being imported as a module into another script, and main() will not be automatically executed.

Summary

This program demonstrates basic control flow in Python:
- Functions (analyze_number, categorize_number) encapsulate reusable logic.
- Conditional statements (if, elif, else) and loop control (pass, continue, break) manage program flow.
- The if __name__ == "__main__": construct ensures the script behaves correctly whether run directly or imported as a module.
+++++++++++++++++++++++++++++++++++++++++++++++++++++++++++++++++++++++++

if Statements: Execute code based on conditions.
--------------
for Statements: Iterate over sequences.
---------------
The range() Function: Generate sequences of numbers.
---------------------

break and continue Statements, and else Clauses on Loops: Control loop execution.
----------------------------------------------------------------------------------
pass Statements: Placeholder for future code.
----------------
match Statements: Pattern matching for handling multiple conditions.
----------------
These control flow tools provide the foundation for writing complex and efficient Python programs.

Defining Functions
-------------------
A function in Python is defined using the def keyword followed by the function name, parentheses, and a colon. The body of the 
function is indented.

Basic Function Definition
--------------------------
C:\Users\abc\Desktop>python
Python 3.11.7 (main, Dec  7 2023, 09:09:57)  [GCC UCRT 13.2.0 64 bit (AMD64)] on win32
Type "help", "copyright", "credits" or "license" for more information.
>>> def greet(name):
...     """This function greets the person passed in as a parameter."""
...     print(f"Hello, {name}!")
...
>>> greet('sai')
Hello, sai!

More on Defining Functions
--------------------------
Functions can return values using the return statement.
-------------------------------------------------------
Example with Return Value

def add(a, b):
    return a + b

result = add(3, 5)
print(result)
# Output: 8

Default Argument Values
------------------------
You can provide default values for function arguments. If the argument is not provided during the function call, the default value is
used.

Example
-------
C:\Users\abc\Desktop>python script.py
Hello, World!
Hello, Alice!

Keyword Arguments
-----------------
Keyword arguments allow you to specify arguments by name, making the function calls more readable and allowing arguments to be 
provided out of order.

Example
--------
def describe_pet(animal_type, pet_name):
    print(f"I have a {animal_type} named {pet_name}.")

describe_pet(pet_name="Max", animal_type="dog")
# Output: I have a dog named Max.

C:\Users\abc\Desktop>python script.py
I have a dog named Max.

Special Parameters
-------------------
Python allows specifying special kinds of parameters to control how arguments can be passed to the function.

Positional-or-Keyword Arguments
-------------------------------
These are the standard arguments that can be passed either by position or keyword.

def func(pos_or_kw):
    print(pos_or_kw)

Positional-Only Parameters
---------------------------
Positional-only parameters can only be specified by their position in the function call. They are declared using a / in the function 
signature.

Example
-------
def func(a, b, /):
    print(a, b)

func(1, 2)
# Output: 1 2

# func(a=1, b=2)  # This would raise a TypeError

C:\Users\abc\Desktop>python script.py
1 2

Keyword-Only Arguments
----------------------
Keyword-only arguments must be specified by their keyword name. They are declared using a * in the function signature.

Example
-------
def func(*, kw_only):
    print(kw_only)

# func(10)  # This would raise a TypeError
func(kw_only=10)
# Output: 10

C:\Users\abc\Desktop>python script.py
10

Function Examples
------------------
Let's combine the concepts with some comprehensive examples.

Example 1: Calculator with Default Arguments
--------------------------------------------
def calculate(a, b, operation="add"):
    if operation == "add":
        return a + b
    elif operation == "subtract":
        return a - b
    elif operation == "multiply":
        return a * b
    elif operation == "divide":
        return a / b
    else:
        return "Invalid operation"

print(calculate(10, 5))
# Output: 15

print(calculate(10, 5, "subtract"))
# Output: 5

C:\Users\abc\Desktop>python script.py
15
5

Example 2: Mixed Parameter Types
---------------------------------
def func(a, b, /, c, *, d):
    print(a, b, c, d)

func(1, 2, c=3, d=4)
# Output: 1 2 3 4

# func(a=1, b=2, c=3, d=4)  # This would raise a TypeError

C:\Users\abc\Desktop>python script.py
1 2 3 4

Defining Functions: Use the def keyword to define functions.
------------------
Default Argument Values: Specify default values for function arguments.
------------------------
Keyword Arguments: Pass arguments using their names for clarity.
------------------
Special Parameters: Control how arguments are passed:
-------------------
Positional-or-Keyword Arguments: Standard arguments.
--------------------------------
Positional-Only Parameters: Must be specified by position.
--------------------------
Keyword-Only Arguments: Must be specified by keyword.
-----------------------

Let's explore some advanced features related to functions in Python, including arbitrary argument lists, unpacking argument lists,
---------------------------------------------------------------------------------------------------------------------------------- 
lambda expressions, documentation strings, and function annotations.
--------------------------------------------------------------------

Arbitrary Argument Lists
------------------------
Python allows you to define functions that accept an arbitrary number of arguments using the *args and **kwargs syntax.

*args for Arbitrary Positional Arguments
The *args syntax allows a function to accept any number of positional arguments.

Example
-------
def greet(*names):
    for name in names:
        print(f"Hello, {name}!")

greet("Alice", "Bob", "Charlie")
# Output:
# Hello, Alice!
# Hello, Bob!
# Hello, Charlie!

C:\Users\abc\Desktop>python script.py
Hello, Alice!
Hello, Bob!
Hello, Charlie!

**kwargs for Arbitrary Keyword Arguments
-----------------------------------------
The **kwargs syntax allows a function to accept any number of keyword arguments.

Example
-------
def print_info(**info):
    for key, value in info.items():
        print(f"{key}: {value}")

print_info(name="Alice", age=30, city="New York")
# Output:
# name: Alice
# age: 30
# city: New York

C:\Users\abc\Desktop>python script.py
name: Alice
age: 30
city: New York


Unpacking Argument Lists
------------------------
You can unpack arguments from a list or tuple using the * operator, and from a dictionary using the ** operator.

Example with Lists/Tuples
def add(a, b, c):
    return a + b + c

args = (1, 2, 3)
print(add(*args))
# Output: 6

C:\Users\abc\Desktop>python script.py
6

Example with Dictionaries
-------------------------
def greet(name, greeting):
    print(f"{greeting}, {name}!")

kwargs = {"name": "Alice", "greeting": "Hi"}
greet(**kwargs)
# Output: Hi, Alice!

C:\Users\abc\Desktop>python script.py
Hi, Alice!

Lambda Expressions
------------------
Lambda expressions provide a way to create small anonymous functions. They are defined using the lambda keyword.

lambda arguments: expression

add = lambda x, y: x + y
print(add(3, 5))
# Output: 8

# Using lambda with built-in functions like map, filter, and sorted
--------------------------------------------------------------------
numbers = [1, 2, 3, 4, 5]
squared = map(lambda x: x ** 2, numbers)
print(list(squared))
# Output: [1, 4, 9, 16, 25]

even_numbers = filter(lambda x: x % 2 == 0, numbers)
print(list(even_numbers))
# Output: [2, 4]

C:\Users\abc\Desktop>python script.py
8
[1, 4, 9, 16, 25]
[2, 4]

Documentation Strings (Docstrings)
----------------------------------
Documentation strings, or docstrings, are a way to document your functions, classes, and modules. They are defined using triple 
quotes (""" or ''').

def greet(name):
    """This function greets the person passed in as a parameter."""
    print(f"Hello, {name}!")

print(greet.__doc__)
# Output: This function greets the person passed in as a parameter.


C:\Users\abc\Desktop>python script.py
This function greets the person passed in as a parameter.

Function Annotations
---------------------
Function annotations provide a way of associating various parts of a function with arbitrary expressions. They are often used for type
hints.

Syntax
-------
Annotations are defined in the function signature using a colon after the parameter name for parameter annotations and an 
arrow (->) for return annotations.

Example
-------
def add(x: int, y: int) -> int:
    return x + y

# Accessing function annotations
print(add.__annotations__)
# Output: {'x': <class 'int'>, 'y': <class 'int'>, 'return': <class 'int'>}

C:\Users\abc\Desktop>python script.py
{'x': <class 'int'>, 'y': <class 'int'>, 'return': <class 'int'>}

Comprehensive Example
----------------------
Here's a function that combines many of these features:
def process_data(data, /, *args, mode="sum", **kwargs):
    """
    Process the data in various ways.

    Parameters:
    data (list): A list of numerical data to process.
    *args: Additional arguments.
    mode (str): The mode of operation. Options are 'sum', 'max', 'min'. Default is 'sum'.
    **kwargs: Additional keyword arguments.

    Returns:
    The result of processing the data.
    """
    if mode == "sum":
        result = sum(data)
    elif mode == "max":
        result = max(data)
    elif mode == "min":
        result = min(data)
    else:
        result = None
    
    for key, value in kwargs.items():
        print(f"{key}: {value}")

    return result

data = [1, 2, 3, 4, 5]
print(process_data(data, mode="max", extra_info="Some additional info"))
# Output:
# extra_info: Some additional info
# 5

extra_info: Some additional info
5

Arbitrary Argument Lists: Use *args for arbitrary positional arguments and **kwargs for arbitrary keyword arguments.
------------------------
Unpacking Argument Lists: Use * to unpack lists/tuples and ** to unpack dictionaries.
-------------------------
Lambda Expressions: Create small anonymous functions with the lambda keyword.
-------------------
Documentation Strings: Document your functions using docstrings.
----------------------
Function Annotations: Add type hints and other annotations to your functions.
---------------------
===========================================================================

Sure, let's dive into these concepts related to defining functions in Python, with explanations and examples for each.

# Defining Functions
---------------------
In Python, a function is defined using the `def` keyword. The basic syntax is as follows:

def function_name(parameters):
    """docstring"""
    statement(s)

Example:
--------
def greet(name):
    """This function greets the person passed in as a parameter."""
    print(f"Hello, {name}!")

# More on Defining Functions
-----------------------------
Functions can have multiple parameters, and they can return values using the `return` statement.

Example:
-------
def add(a, b):
    """This function returns the sum of two numbers."""
    return a + b

result = add(3, 5)
print(result)  # Output: 8

# Default Argument Values
--------------------------
Functions can have default values for parameters. If the caller does not provide a value for a parameter, the default value is used.

Example:
--------
def greet(name, message="Hello"):
    """This function greets the person with a message."""
    print(f"{message}, {name}!")

greet("Alice")          # Output: Hello, Alice!
greet("Bob", "Hi")      # Output: Hi, Bob!

# Keyword Arguments
-------------------
Keyword arguments allow you to pass arguments to a function using the parameter names.

Example:
--------
def greet(name, message):
    """This function greets the person with a message."""
    print(f"{message}, {name}!")

greet(name="Alice", message="Good morning")  # Output: Good morning, Alice!
greet(message="Hi", name="Bob")              # Output: Hi, Bob!

# Special Parameters
--------------------
Python functions support special parameters to indicate how arguments can be passed to them.

# Positional-or-Keyword Arguments
----------------------------------
These are the standard parameters you define in a function. They can be passed either by position or by keyword.

Example:
--------
def example(a, b, c):
    print(a, b, c)

example(1, 2, 3)             # Positional
example(a=1, b=2, c=3)       # Keyword
example(1, b=2, c=3)         # Mixed

# Positional-Only Parameters
----------------------------
Positional-only parameters can be specified using a `/` in the function definition (Python 3.8+). These parameters must be specified 
by position only.

Example:
--------
def example(a, b, /, c, d):
    print(a, b, c, d)

example(1, 2, c=3, d=4)   # Valid
# example(a=1, b=2, c=3, d=4)  # Invalid, will raise a TypeError

# Keyword-Only Arguments
-------------------------
Keyword-only arguments can be specified using a `*` in the function definition. These parameters must be specified by keyword.

Example:
--------
def example(a, b, *, c, d):
    print(a, b, c, d)

example(1, 2, c=3, d=4)   # Valid
# example(1, 2, 3, 4)      # Invalid, will raise a TypeError

# Function Examples
-------------------
Here are a few more examples to illustrate the use of functions with different types of parameters.

Example with Default Values:
----------------------------
def describe_pet(pet_name, animal_type="dog"):
    """Display information about a pet."""
    print(f"\nI have a {animal_type}.")
    print(f"My {animal_type}'s name is {pet_name.title()}.")

describe_pet("willie")            # Uses default value for animal_type
describe_pet(pet_name="harry", animal_type="hamster")

Example with Special Parameters:
---------------------------------
def complex_function(a, b, /, c, d, *, e, f):
    print(a, b, c, d, e, f)

complex_function(1, 2, 3, d=4, e=5, f=6)
# complex_function(a=1, b=2, c=3, d=4, e=5, f=6)  # Invalid, will raise a TypeError

# Recap

1. Defining Functions: Use `def` keyword, parameters, and `return` for returning values.
-----------------------
2. Default Argument Values: Provide default values for parameters.
---------------------------
3. Keyword Arguments: Pass arguments by parameter names.
---------------------
4. Special Parameters: Use `/` for positional-only and `*` for keyword-only parameters.
----------------------
5. Function Examples: Combining these features to create complex functions.
---------------------
By understanding and utilizing these different ways to define and call functions, you can write more flexible and robust Python code.

===================================================================================================================================
Let's go through each of these concepts in detail.

# Arbitrary Argument Lists
---------------------------
Arbitrary argument lists allow you to pass a variable number of arguments to a function. This is useful when you don't know beforehand
how many arguments might be passed to your function. 

# Using `*args`
--------------
The `*args` syntax allows a function to accept any number of positional arguments.

Example:
--------
def greet(*names):
    """This function greets all the people in the names tuple."""
    for name in names:
        print(f"Hello, {name}!")

greet("Alice", "Bob", "Charlie")
# Output:
# Hello, Alice!
# Hello, Bob!
# Hello, Charlie!

# Using `**kwargs`

The `**kwargs` syntax allows a function to accept any number of keyword arguments.

Example:
---------
def introduce(**kwargs):
    """This function prints the information of a person."""
    for key, value in kwargs.items():
        print(f"{key}: {value}")

introduce(name="Alice", age=30, job="Engineer")
# Output:
# name: Alice
# age: 30
# job: Engineer

# Unpacking Argument Lists
---------------------------
Unpacking allows you to pass a list or tuple of arguments to a function using the `*` operator and a dictionary of keyword arguments 
using the `**` operator.

Example:
--------
def add(a, b, c):
    return a + b + c

numbers = (1, 2, 3)
print(add(*numbers))  # Output: 6

def describe_pet(pet_name, animal_type="dog"):
    print(f"\nI have a {animal_type}.")
    print(f"My {animal_type}'s name is {pet_name.title()}.")

pet_info = {"pet_name": "willie", "animal_type": "hamster"}
describe_pet(**pet_info)
# Output:
# I have a hamster.
# My hamster's name is Willie.

# Lambda Expressions
--------------------
Lambda expressions (or lambda functions) are small anonymous functions defined with the `lambda` keyword. They can have any number of 
arguments but only one expression. Lambda functions are syntactically restricted to a single expression.

Example:
--------
add = lambda x, y: x + y
print(add(5, 3))  # Output: 8

# Using lambda with the `sorted` function
points = [(2, 3), (4, 1), (1, 2), (3, 5)]
points_sorted = sorted(points, key=lambda point: point[1])
print(points_sorted)  # Output: [(4, 1), (1, 2), (2, 3), (3, 5)]

# Documentation Strings (Docstrings)
--------------------------------------
Docstrings are a way to document your functions, classes, and modules. They are written as the first statement in the function, class,
or module, and they can be accessed using the `__doc__` attribute.

Example:
--------
def add(a, b):
    """
    Add two numbers and return the result.

    Parameters:
    a (int or float): The first number.
    b (int or float): The second number.

    Returns:
    int or float: The sum of a and b.
    """
    return a + b

print(add.__doc__)
# Output:
# Add two numbers and return the result.
#
# Parameters:
# a (int or float): The first number.
# b (int or float): The second number.
#
# Returns:
# int or float: The sum of a and b.

# Function Annotations
-----------------------
Function annotations provide a way to attach metadata to function parameters and return values. They are optional and have no impact 
on the function's behavior. Annotations are defined using the colon `:` after the parameter name and the arrow `->` after the 
parameter list for return values.

Example:
--------
def add(a: int, b: int) -> int:
    """
    Add two integers and return the result.

    Parameters:
    a (int): The first number.
    b (int): The second number.

    Returns:
    int: The sum of a and b.
    """
    return a + b

print(add.__annotations__)
# Output: {'a': <class 'int'>, 'b': <class 'int'>, 'return': <class 'int'>}

# Summary

- Arbitrary Argument Lists: Use `*args` for positional arguments and `**kwargs` for keyword arguments when you want to accept a
--------------------------- 
variable number of arguments.
- Unpacking Argument Lists: Use `*` to unpack lists/tuples and `**` to unpack dictionaries when passing them to a function.
---------------------------
- Lambda Expressions: Small, anonymous functions defined with the `lambda` keyword, useful for short, throwaway functions.
---------------------
- Documentation Strings: Use docstrings to document your functions, classes, and modules, which can be accessed via the 
-----------------------
`__doc__` attribute.
- Function Annotations: Attach metadata to function parameters and return values using annotations, which are optional and used 
-----------------------
primarily for documentation and type hinting.

These features make Python functions more flexible and powerful, enabling you to write more expressive and maintainable code.

====================================================================================================================================

Coding style is crucial in writing readable, maintainable, and efficient code. Here are key points to follow, specifically for Python,
------------------------------------------------------------------------------
using the PEP 8 style guide as the primary reference:

# PEP 8: Python Enhancement Proposal 8
---------------------------------------
PEP 8 is the style guide for Python code. It provides conventions for writing code in Python and is widely adopted in the Python 
community.

# Key Points from PEP 8:
-----------------------
1. Indentation
--------------
   - Use 4 spaces per indentation level.
   - Avoid using tabs.

   
   def example():
       if True:
           print("Hello, World!")
  

2. Maximum Line Length
------------------------
   - Limit all lines to a maximum of 79 characters.
   - For long blocks of text, docstrings, or comments, the limit is 72 characters.

      def long_function_name(var_one, var_two, var_three, var_four):
       print(var_one)
  
3. Blank Lines
---------------
   - Surround top-level function and class definitions with two blank lines.
   - Method definitions inside a class should be surrounded by a single blank line.

    class MyClass:
   
       def method_one(self):
           pass
   
       def method_two(self):
           pass

4. Imports
-----------
   - Imports should usually be on separate lines.
   - Use absolute imports rather than relative imports.
   - Imports should be grouped in the following order:
     1. Standard library imports.
     2. Related third-party imports.
     3. Local application/library-specific imports.
   - Each group of imports should be separated by a blank line.

   
   import os
   import sys

   from third_party import example

   from my_module import my_function
   
5. Whitespace in Expressions and Statements
-------------------------------------------
   - Avoid extraneous whitespace in the following situations:
     - Immediately inside parentheses, brackets, or braces.
     - Before a comma, semicolon, or colon.
     - Before the open parenthesis that starts the argument list of a function call.
     - Before the open parenthesis that starts an indexing or slicing.

     def example_function(arg1, arg2):
       return (arg1 + arg2)
   

6. Comments
------------
   - Comments should be complete sentences.
   - Use inline comments sparingly.
   - Block comments generally apply to some (or all) code that follows them, and are indented to the same level as that code.

      # This is a block comment
   x = x + 1  # This is an inline comment
   
7. Naming Conventions
----------------------
   - Function names should be lowercase, with words separated by underscores as necessary to improve readability.
   - Variable names follow the same convention as function names.
   - Class names should normally use the `CapWords` convention.
   - Constants are usually defined on a module level and written in all capital letters with underscores separating words.

   
   class MyClass:
       pass

   def my_function():
       pass

   CONSTANT_VALUE = 42
   
8. String Quotes
----------------
   - In Python, single-quoted and double-quoted strings are the same. PEP 8 does not recommend one over the other. Pick a rule and 
stick to it.

      my_string = "Hello, World!"
   another_string = 'Python is awesome!'
   
### Additional Coding Style Tips
----------------------------------
1. Consistent Naming Conventions
---------------------------------
   - Use meaningful variable names.
   - Follow a consistent naming convention throughout your codebase.

2. Function Length
------------------
   - Keep functions short and focused on a single task.
   - If a function is too long, consider breaking it up into smaller, more manageable pieces.

3. DRY Principle
-----------------
   - DRY stands for "Don't Repeat Yourself." Avoid writing duplicate code by creating reusable functions and classes.

4. Readability
--------------
   - Code should be easy to read and understand.
   - Use comments and docstrings to explain the purpose of complex code sections.

5. Testing
-----------
   - Write tests for your code to ensure it behaves as expected.
   - Use a consistent testing framework.

6. Consistent Code Formatting
------------------------------
   - Use a code formatter (like `black` or `autopep8`) to enforce consistent code formatting.
   - Use a linter (like `pylint` or `flake8`) to identify potential issues in your code.

# Example of Well-Styled Python Code
------------------------------------
Here's an example combining the points discussed:

import os
import sys

from third_party import example_module

from my_project import my_module


class MyClass:
    """A simple example class."""

    CONSTANT_VALUE = 42

    def __init__(self, name, age):
        self.name = name
        self.age = age

    def greet(self):
        """Greet the user."""
        print(f"Hello, {self.name}!")

    def is_adult(self):
        """Check if the person is an adult."""
        return self.age >= 18


def main():
    """Main function."""
    alice = MyClass(name="Alice", age=30)
    bob = MyClass(name="Bob", age=17)

    alice.greet()
    print(f"Alice is an adult: {alice.is_adult()}")

    bob.greet()
    print(f"Bob is an adult: {bob.is_adult()}")


if __name__ == "__main__":
    main()

By following these guidelines and using tools that enforce coding standards, you can ensure that your code is clean, consistent, and 
maintainable.

====================================================================================================================================

Let's dive into these concepts related to data structures in Python, focusing on lists and their various uses.
--------------------------------------------------------------------------------------------------------------
# Data Structures: Lists
------------------------
Lists are a fundamental data structure in Python that allows you to store and manipulate collections of items. They are ordered, 
mutable, and can contain elements of different types.

Example:
--------
fruits = ["apple", "banana", "cherry"]
print(fruits)  # Output: ['apple', 'banana', 'cherry']

# More on Lists
---------------
Lists come with a variety of built-in methods that allow for sophisticated manipulation of list elements.

Example:
--------
# Adding elements
------------------
fruits.append("orange")
print(fruits)  # Output: ['apple', 'banana', 'cherry', 'orange']

# Inserting elements
---------------------
fruits.insert(1, "blueberry")
print(fruits)  # Output: ['apple', 'blueberry', 'banana', 'cherry', 'orange']

# Removing elements
--------------------
fruits.remove("banana")
print(fruits)  # Output: ['apple', 'blueberry', 'cherry', 'orange']

# Sorting the list
-------------------
fruits.sort()
print(fruits)  # Output: ['apple', 'blueberry', 'cherry', 'orange']

# Using Lists as Stacks
------------------------
Lists can be used as stacks, where the last element added is the first one to be removed (LIFO - Last In, First Out). Python provides 
`append()` to push an item onto the stack and `pop()` to remove the top item.

Example:
---------
stack = [1, 2, 3]
stack.append(4)
print(stack)  # Output: [1, 2, 3, 4]

stack.pop()
print(stack)  # Output: [1, 2, 3]


# Using Lists as Queues
-----------------------
Lists can also be used as queues, where the first element added is the first one to be removed (FIFO - First In, First Out). However, 
using lists as queues is inefficient because removing elements from the start of the list is slow. For efficient queues, use 
`collections.deque`.

Example with list (inefficient):
-------------------------------
queue = [1, 2, 3]
queue.append(4)
print(queue)  # Output: [1, 2, 3, 4]

queue.pop(0)
print(queue)  # Output: [2, 3, 4]

Example with deque (efficient):

from collections import deque

queue = deque([1, 2, 3])
queue.append(4)
print(queue)  # Output: deque([1, 2, 3, 4])

queue.popleft()
print(queue)  # Output: deque([2, 3, 4])

# List Comprehensions
----------------------
List comprehensions provide a concise way to create lists. They consist of brackets containing an expression followed by a `for` 
clause, and can include optional `if` clauses.

Example:
--------
# Creating a list of squares
squares = [x**2 for x in range(10)]
print(squares)  # Output: [0, 1, 4, 9, 16, 25, 36, 49, 64, 81]

# Creating a list of even numbers
evens = [x for x in range(10) if x % 2 == 0]
print(evens)  # Output: [0, 2, 4, 6, 8]

# Nested List Comprehensions
----------------------------
Nested list comprehensions are used to create complex lists. They are useful for working with multidimensional data structures, such 
as matrices.

Example:
--------
# Creating a 3x3 matrix using nested list comprehensions
matrix = [[row * 3 + col for col in range(3)] for row in range(3)]
print(matrix)
# Output: 
# [[0, 1, 2],
#  [3, 4, 5],
#  [6, 7, 8]]

# Transposing a matrix
transposed = [[row[i] for row in matrix] for i in range(3)]
print(transposed)
# Output: 
# [[0, 3, 6],
#  [1, 4, 7],
#  [2, 5, 8]]

# Summary

1. Data Structures: Lists: Ordered, mutable collections that can store items of different types.
-------------------
2. More on Lists: Methods like `append()`, `insert()`, `remove()`, and `sort()` for manipulation.
-----------------
3. Using Lists as Stacks: `append()` and `pop()` for LIFO operations.
-------------------------
4. Using Lists as Queues: Inefficient with lists; use `collections.deque` for FIFO operations.
-------------------------
5. List Comprehensions: Concise syntax for creating lists.
-----------------------
6. Nested List Comprehensions: Handling multidimensional lists and matrices.
------------------------------
By mastering these concepts, you can effectively use lists in Python to handle various data structures and operations.

====================================================================================================================================

Let's explore these advanced Python concepts in detail:
------------------------------------------------------
# The `del` Statement
---------------------
The `del` statement is used to delete objects in Python. It can be used to delete variables, list items, or entire lists.

Examples:
---------
1. Deleting a variable:
-----------------------   
   x = 10
   del x
   # Trying to print x now will raise a NameError
  
2. Deleting an item from a list:
--------------------------------  
   fruits = ["apple", "banana", "cherry"]
   del fruits[1]
   print(fruits)  # Output: ['apple', 'cherry']
   
3. Deleting a slice from a list:
---------------------------------  
   numbers = [1, 2, 3, 4, 5]
   del numbers[1:3]
   print(numbers)  # Output: [1, 4, 5]
  
4. Deleting an entire list:
--------------------------   
   fruits = ["apple", "banana", "cherry"]
   del fruits
   # Trying to print fruits now will raise a NameError
   
# Tuples and Sequences
----------------------
Tuples are immutable sequences in Python. Once a tuple is created, it cannot be modified. Tuples are defined by enclosing the elements
in parentheses `()`.

Examples:
---------
# Creating a tuple
t = (1, 2, 3)
print(t)  # Output: (1, 2, 3)

# Accessing elements
print(t[1])  # Output: 2

# Nested tuples
nested_t = (1, (2, 3), 4)
print(nested_t)  # Output: (1, (2, 3), 4)

# Tuples with different types
mixed_t = (1, "hello", 3.5)
print(mixed_t)  # Output: (1, 'hello', 3.5)

# Single element tuple
single_t = (1,)
print(single_t)  # Output: (1,)

# Sets
--------
Sets are unordered collections of unique elements. They are defined by using curly braces `{}` or the `set()` function.

Examples:
---------
# Creating a set
s = {1, 2, 3, 4, 4}
print(s)  # Output: {1, 2, 3, 4}

# Adding elements
s.add(5)
print(s)  # Output: {1, 2, 3, 4, 5}

# Removing elements
s.remove(3)
print(s)  # Output: {1, 2, 4, 5}

# Set operations
s1 = {1, 2, 3}
s2 = {3, 4, 5}

# Union
print(s1 | s2)  # Output: {1, 2, 3, 4, 5}

# Intersection
print(s1 & s2)  # Output: {3}

# Difference
print(s1 - s2)  # Output: {1, 2}

# Dictionaries
--------------
Dictionaries are unordered collections of key-value pairs. Keys must be unique and immutable, while values can be of any type.

Examples:
----------
# Creating a dictionary
d = {"name": "Alice", "age": 25}
print(d)  # Output: {'name': 'Alice', 'age': 25}

# Accessing values
print(d["name"])  # Output: Alice

# Adding or updating values
d["age"] = 26
d["city"] = "New York"
print(d)  # Output: {'name': 'Alice', 'age': 26, 'city': 'New York'}

# Removing a key-value pair
del d["city"]
print(d)  # Output: {'name': 'Alice', 'age': 26}

# Looping through keys and values
for key, value in d.items():
    print(f"{key}: {value}")
# Output:
# name: Alice
# age: 26

# Looping Techniques
---------------------
Python provides several ways to loop through data structures like lists, tuples, sets, and dictionaries.

Examples:
----------
1. Looping through a list:
--------------------------   
   fruits = ["apple", "banana", "cherry"]
   for fruit in fruits:
       print(fruit)
   # Output:
   # apple
   # banana
   # cherry
  
2. Looping through a dictionary:
---------------------------------   
   d = {"name": "Alice", "age": 25}
   for key, value in d.items():
       print(f"{key}: {value}")
   # Output:
   # name: Alice
   # age: 25
  
3. Using `enumerate()` to get index and value:
----------------------------------------------   
   fruits = ["apple", "banana", "cherry"]
   for index, fruit in enumerate(fruits):
       print(f"{index}: {fruit}")
   # Output:
   # 0: apple
   # 1: banana
   # 2: cherry
   
4. Using `zip()` to loop through multiple sequences:
----------------------------------------------------  
   names = ["Alice", "Bob", "Charlie"]
   ages = [25, 30, 35]
   for name, age in zip(names, ages):
       print(f"{name} is {age} years old.")
   # Output:
   # Alice is 25 years old.
   # Bob is 30 years old.
   # Charlie is 35 years old.
   
# More on Conditions
--------------------
Python supports conditional statements for decision-making in code.

Examples:

1. Basic if statement:
   
   x = 10
   if x > 5:
       print("x is greater than 5")
   
2. if-elif-else statement:
   
   x = 10
   if x < 5:
       print("x is less than 5")
   elif x == 5:
       print("x is equal to 5")
   else:
       print("x is greater than 5")
 
3. Ternary (conditional) operator:
  
   x = 10
   result = "x is greater than 5" if x > 5 else "x is not greater than 5"
   print(result)
   # Output: x is greater than 5
   
# Comparing Sequences and Other Types
--------------------------------------
Python provides various comparison operators to compare sequences like strings, lists, and tuples, as well as other data types.
-------------------------------------------------------------------------------------------------------------------------------
Examples:

1. Comparing strings:
---------------------   
   print("apple" < "banana")  # Output: True
   print("apple" == "Apple")  # Output: False

2. Comparing lists:
   
   list1 = [1, 2, 3]
   list2 = [1, 2, 4]
   print(list1 < list2)  # Output: True
   print(list1 == [1, 2, 3])  # Output: True
   
3. Comparing tuples:
   
   tuple1 = (1, 2, 3)
   tuple2 = (1, 2, 4)
   print(tuple1 < tuple2)  # Output: True
   print(tuple1 == (1, 2, 3))  # Output: True
   ```

4. Comparing different data types:
   
   print(10 == 10.0)  # Output: True
   print(10 != "10")  # Output: True

By understanding and using these advanced concepts, you can write more efficient and Pythonic code, making the most out of Python's 
powerful features.

=====================================================================================================================================

Let's explore these concepts related to modules in Python:
-----------------------------------------------------------
# Modules
---------
A module is a file containing Python definitions and statements. The file name is the module name with the suffix `.py` added. Modules
help organize related functions, classes, and variables into a single file, making the code easier to manage and reuse.

Creating and Using Modules:
----------------------------
1. Creating a module (example: `mymodule.py`):
   
    def greet(name):
        return f"Hello, {name}!"

    pi = 3.14159
   
2. Using a module (example: `main.py`):
    
    import mymodule

    print(mymodule.greet("Alice"))  # Output: Hello, Alice!
    print(mymodule.pi)  # Output: 3.14159

# More on Modules
-----------------
Modules can contain functions, classes, variables, and even runnable code. You can import specific attributes from a module using 
various import statements.

Examples:
---------
1. Importing specific attributes:
   
    from mymodule import greet, pi

    print(greet("Bob"))  # Output: Hello, Bob!
    print(pi)  # Output: 3.14159

2. Using `as` to alias imports:
    
    import mymodule as mm

    print(mm.greet("Charlie"))  # Output: Hello, Charlie!
    print(mm.pi)  # Output: 3.14159
   

3. Importing all attributes:
  
    from mymodule import *

    print(greet("Dave"))  # Output: Hello, Dave!
    print(pi)  # Output: 3.14159

# Executing Modules as Scripts

A module can be run as a standalone script or imported into another module. The `__name__` variable helps to determine if a module is 
being run directly or imported.

Example:

1. Module with script functionality (example: `mymodule.py`):
    
    def greet(name):
        return f"Hello, {name}!"

    if __name__ == "__main__":
        # This code only runs when the module is executed as a script
        print(greet("World"))
    
2. Running the module as a script:
    
    python mymodule.py
    # Output: Hello, World!

3. Importing the module:
 
    import mymodule

    print(mymodule.greet("Eve"))  # Output: Hello, Eve!

# The Module Search Path

When you import a module, Python searches for the module in the following sequence:

1. The current directory.
2. Directories listed in the `PYTHONPATH` environment variable (if set).
3. Default directories specified by the installation (e.g., standard library directories).

Example:

import sys

# Print the module search path
print(sys.path)

You can modify the search path by appending to `sys.path`.

Example:

import sys
sys.path.append('/path/to/custom/modules')
import mycustommodule

# “Compiled” Python Files

When a module is imported, Python compiles it to bytecode (an intermediate form). The compiled bytecode is stored in `.pyc` files in 
a `__pycache__` directory. This speeds up subsequent imports of the module because Python can skip the compilation step.

Example:

1. Running a script (creates `__pycache__`):
    
    python mymodule.py
    
2. Directory structure after running:
   
    mymodule.py
    __pycache__/
        mymodule.cpython-39.pyc
    
# Summary

1. **Modules**: Files containing Python code that can be imported and reused.
2. **More on Modules**: Various ways to import modules and their attributes.
3. **Executing Modules as Scripts**: Using the `__name__ == "__main__"` construct.
4. **The Module Search Path**: The sequence of locations where Python searches for modules.
5. **“Compiled” Python Files**: Bytecode-compiled files stored in `__pycache__` to speed up imports.

Understanding these concepts allows you to structure your Python code effectively, making it modular, reusable, and efficient.

====================================================================================================================================

# Standard Modules

Python comes with a rich set of standard modules that provide functionalities ranging from basic I/O to complex mathematical 
computations and internet protocols. These modules are part of the Python Standard Library and are available for use without 
requiring installation.

# Examples of Standard Modules

1. math: Provides mathematical functions.
   
   import math

   print(math.sqrt(16))  # Output: 4.0
   print(math.pi)  # Output: 3.141592653589793
   

2. random: Generates pseudo-random numbers.
   
   import random

   print(random.randint(1, 10))  # Output: Random integer between 1 and 10
   print(random.choice(['apple', 'banana', 'cherry']))  # Output: Randomly chosen fruit
   

3. datetime: Supplies classes for manipulating dates and times.
  
   import datetime

   now = datetime.datetime.now()
   print(now)  # Output: Current date and time
   

4. os: Provides a way of using operating system-dependent functionality.
   
   import os

   print(os.name)  # Output: Name of the operating system dependent module imported
   print(os.getcwd())  # Output: Current working directory
   

5. sys: Provides access to some variables used or maintained by the interpreter and to functions that interact strongly with 
the interpreter.
   
   import sys

   print(sys.version)  # Output: Python version
   print(sys.path)  # Output: List of directories where the interpreter looks for modules
  

6. json: Provides methods for parsing JSON data.
   
   import json

   data = {'name': 'Alice', 'age': 25}
   json_data = json.dumps(data)
   print(json_data)  # Output: {"name": "Alice", "age": 25}

   parsed_data = json.loads(json_data)
   print(parsed_data)  # Output: {'name': 'Alice', 'age': 25}
  

7. re: Provides regular expression matching operations.
 
   import re

   pattern = r"\b[A-Z][a-z]*\b"
   text = "Alice is a friend of Bob."

   matches = re.findall(pattern, text)
   print(matches)  # Output: ['Alice', 'Bob']

# The `dir()` Function

The `dir()` function is used to list the names of attributes and methods in a module, class, or any other object. It is useful for 
understanding what capabilities are available in a module or object.

**Examples:**

1. Listing attributes of a module:
   
   import math
   print(dir(math))
   

   Output (truncated):
   
   ['__doc__', '__loader__', '__name__', '__package__', '__spec__', 'acos', 'acosh', 'asin', 'asinh', 'atan', 'atan2', 'atanh', 
'ceil', 'copysign', 'cos', 'cosh', 'degrees', 'e', 'exp', 'expm1', 'fabs', 'factorial', 'floor', 'fmod', 'frexp', 'fsum', 'gamma', 
'gcd', 'hypot', 'inf', 'isclose', 'isfinite', 'isinf', 'isnan', 'ldexp', 'lgamma', 'log', 'log10', 'log1p', 'log2', 'modf', 'nan', 
'pi', 'pow', 'radians', 'sin', 'sinh', 'sqrt', 'tan', 'tanh', 'trunc']
  

2. Listing attributes of an object:
  
   class MyClass:
       def __init__(self):
           self.x = 10

       def method(self):
           pass

   obj = MyClass()
   print(dir(obj))

   Output:
   
   ['__class__', '__delattr__', '__dict__', '__dir__', '__doc__', '__eq__', '__format__', '__ge__', '__getattribute__', '__gt__', 
'__hash__', '__init__', '__init_subclass__', '__le__', '__lt__', '__module__', '__ne__', '__new__', '__reduce__', '__reduce_ex__', 
'__repr__', '__setattr__', '__sizeof__', '__str__', '__subclasshook__', '__weakref__', 'method', 'x']
   

3. Listing attributes of a string:
   
   print(dir("hello"))
   

   Output (truncated):
   
   ['__add__', '__class__', '__contains__', '__delattr__', '__dir__', '__doc__', '__eq__', '__format__', '__ge__', '__getattribute__',
 '__getitem__', '__getnewargs__', '__gt__', '__hash__', '__init__', '__init_subclass__', '__iter__', '__le__', '__len__', '__lt__', 
'__mod__', '__mul__', '__ne__', '__new__', '__reduce__', '__reduce_ex__', '__repr__', '__rmod__', '__rmul__', '__setattr__', 
'__sizeof__', '__str__', '__subclasshook__', 'capitalize', 'casefold', 'center', 'count', 'encode', 'endswith', 'expandtabs',
 'find', 'format', 'format_map', 'index', 'isalnum', 'isalpha', 'isascii', 'isdecimal', 'isdigit', 'isidentifier', 'islower', 
'isnumeric', 'isprintable', 'isspace', 'istitle', 'isupper', 'join', 'ljust', 'lower', 'lstrip', 'maketrans', 'partition', 'replace',
 'rfind', 'rindex', 'rjust', 'rpartition', 'rsplit', 'rstrip', 'split', 'splitlines', 'startswith', 'strip', 'swapcase', 'title', 
'translate', 'upper', 'zfill']

The `dir()` function without arguments returns the list of names in the current local scope.

Example:

a = 5
b = "hello"
print(dir())

Output:

['__annotations__', '__builtins__', '__doc__', '__loader__', '__name__', '__package__', '__spec__', 'a', 'b']


By using standard modules and the `dir()` function effectively, you can leverage Python's extensive capabilities and gain insights 
into the attributes and methods available in various objects and modules.

=====================================================================================================================================

# Packages

Packages are a way of structuring Python’s module namespace by using “dotted module names”. For example, the module name `A.B` 
designates a submodule named `B` in a package named `A`. Just like modules help avoid name clashes between global variable names, 
packages help avoid name clashes between module names.

A package is typically a directory that contains a special file named `__init__.py` along with other module files. The `__init__.py` 
file can be empty but must be present for Python to recognize the directory as a package.

# Example of a Package Structure

my_package/
    __init__.py
    module1.py
    module2.py
    sub_package/
        __init__.py
        module3.py

- `my_package` is a package.
- `sub_package` is a sub-package of `my_package`.
- `module1`, `module2`, and `module3` are modules.

# Importing from a Package

Example:
1. Creating the package structure:
    - my_package/__init__.py:
      
      # This can be empty or contain package-level variables or initialization code
      
    - my_package/module1.py:
      
      def foo():
          return "foo from module1"
      
    - my_package/module2.py:
      
      def bar():
          return "bar from module2"
      
    - my_package/sub_package/__init__.py:
      
      # This can be empty or contain sub-package-level variables or initialization code
      
    - my_package/sub_package/module3.py:
      
      def baz():
          return "baz from module3"

2. Using the package:
  
    from my_package import module1
    from my_package.module2 import bar
    from my_package.sub_package.module3 import baz

    print(module1.foo())  # Output: foo from module1
    print(bar())  # Output: bar from module2
    print(baz())  # Output: baz from module3

# Importing * From a Package

When you import all names from a package using `from package import *`, Python will only import the names listed in the package’s 
`__init__.py` file in the `__all__` list.

Example:
1. Updating my_package/__init__.py:
  
    __all__ = ["module1", "module2"]

2. Using `import *:

    from my_package import *

    print(module1.foo())  # Output: foo from module1
    print(module2.bar())  # Output: bar from module2

This will not import `sub_package` or its contents unless explicitly specified in the `__all__` list or imported directly.

# Intra-package References

Modules within the same package can refer to each other using relative imports.

Example:
1. my_package/module1.py:
  
    from .module2 import bar

    def foo():
        return f"foo from module1 and {bar()}"
    

2. my_package/module2.py:

    def bar():
        return "bar from module2"

3. Using the package with relative imports:
  
    from my_package import module1

    print(module1.foo())  # Output: foo from module1 and bar from module2


# Packages in Multiple Directories

Python allows for a package to be split across multiple directories. This is achieved by manipulating the `sys.path` list or using 
`pkgutil.extend_path()`.

Example:

1. Package structure:

   dir1/
       my_package/
           __init__.py
           module1.py
   dir2/
       my_package/
           module2.py

2. Manipulating `sys.path`:
  
    import sys
    sys.path.extend(['dir1', 'dir2'])

    from my_package import module1, module2

    print(module1.foo())  # Assuming module1.py has a foo function
    print(module2.bar())  # Assuming module2.py has a bar function

3. Using `pkgutil.extend_path()`:
    - `my_package/__init__.py` (in both directories):
 
      from pkgutil import extend_path
      __path__ = extend_path(__path__, __name__)

By using packages, you can organize your code into manageable and reusable components. This allows for better code maintenance and 
avoids naming conflicts.

====================================================================================================================================
Let's dive into these concepts related to input and output in Python, including various methods for formatting strings.

# Input and Output

# Basic Input and Output

1. Input from the user:
   
   name = input("Enter your name: ")
   print(f"Hello, {name}!")

2. Printing output:

   print("Hello, World!")

3. Reading and writing to files:

   # Writing to a file
   with open('example.txt', 'w') as file:
       file.write("Hello, World!")

   # Reading from a file
   with open('example.txt', 'r') as file:
       content = file.read()
       print(content)

# Fancier Output Formatting

You can format output in various ways to make it more readable or to fit specific requirements.

1. Basic string concatenation:

   name = "Alice"
   age = 30
   print("Name: " + name + ", Age: " + str(age))

2. Using formatted string literals (f-strings):

   name = "Alice"
   age = 30
   print(f"Name: {name}, Age: {age}")
  

3. Using the `format()` method:

   name = "Alice"
   age = 30
   print("Name: {}, Age: {}".format(name, age))

4. Manual string formatting:

   name = "Alice"
   age = 30
   formatted_string = "Name: " + name + ", Age: " + str(age)
   print(formatted_string)
   ```

5. Old string formatting (using `%`):

   name = "Alice"
   age = 30
   print("Name: %s, Age: %d" % (name, age))

### Formatted String Literals

Formatted string literals, also known as f-strings, are prefixed with an `f` or `F` and allow expressions to be embedded inside string
literals, using `{}`.

Examples:

name = "Alice"
age = 30
print(f"Name: {name}, Age: {age}")  # Output: Name: Alice, Age: 30

# Expressions inside f-strings
import math
print(f"The value of pi is approximately {math.pi:.2f}")  # Output: The value of pi is approximately 3.14

# The `str.format()` Method

The `str.format()` method allows you to format strings with placeholders `{}`.

Examples:

name = "Alice"
age = 30
print("Name: {}, Age: {}".format(name, age))  # Output: Name: Alice, Age: 30

# With positional and keyword arguments
print("Name: {0}, Age: {1}".format(name, age))  # Output: Name: Alice, Age: 30
print("Name: {name}, Age: {age}".format(name="Alice", age=30))  # Output: Name: Alice, Age: 30

# Formatting numbers
print("Pi is approximately {:.2f}".format(math.pi))  # Output: Pi is approximately 3.14

# Manual String Formatting

Manual string formatting involves using string concatenation or other methods to combine strings.

Example:

name = "Alice"
age = 30
formatted_string = "Name: " + name + ", Age: " + str(age)
print(formatted_string)  # Output: Name: Alice, Age: 30

# Old String Formatting (Using `%`)

The old-style string formatting uses `%` operator and is similar to C's `printf` style.

Examples:

name = "Alice"
age = 30
print("Name: %s, Age: %d" % (name, age))  # Output: Name: Alice, Age: 30

# Formatting numbers
print("Pi is approximately %.2f" % math.pi)  # Output: Pi is approximately 3.14

# Recap

- Basic Input and Output: Use `input()` for input and `print()` for output. Use `open()` for file I/O.
- Fancier Output Formatting: Use various methods to format strings nicely.
- Formatted String Literals (f-strings)**: Use `f"{variable}"` syntax for easy and readable string formatting.
- The `str.format()` Method: Use `"{}.format()"` for more control over string formatting.
- Manual String Formatting: Concatenate strings manually using `+`.
- Old String Formatting: Use `%` for older but still supported string formatting.

By mastering these techniques, you can handle input and output in Python efficiently and format your strings in various ways to suit 
your needs.

====================================================================================================================================

### Reading and Writing Files in Python

Working with files in Python involves several methods and techniques to read from and write to files. Let's explore the basic 
operations and best practices.

#### Opening and Closing Files

To open a file in Python, you use the `open()` function. It takes the file path and the mode (`'r'` for reading, `'w'` for writing, 
`'a'` for appending, `'b'` for binary mode, etc.).

1. Opening a file for reading:

   file_path = 'example.txt'
   with open(file_path, 'r') as file:
       content = file.read()
       print(content)

2. Opening a file for writing:
   file_path = 'output.txt'
   with open(file_path, 'w') as file:
       file.write("Hello, World!")

3. Appending to a file:
 
   file_path = 'output.txt'
   with open(file_path, 'a') as file:
       file.write("\nAppending a new line.")
   

# Methods of File Objects

Once a file is opened, you can use various methods to read or manipulate its contents.

1. read(size): Reads `size` number of bytes from the file. If `size` is omitted or negative, it reads until EOF.
   
   with open('example.txt', 'r') as file:
       content = file.read(10)  # Read first 10 bytes
       print(content)
   

2. readline(): Reads a single line from the file.
   
   with open('example.txt', 'r') as file:
       line = file.readline()
       print(line)
   

3. readlines(): Reads all lines from the file and returns them as a list of strings.
   
   with open('example.txt', 'r') as file:
       lines = file.readlines()
       for line in lines:
           print(line)
   

4. write(): Writes a string to the file.
 
   with open('output.txt', 'w') as file:
       file.write("Writing a new line.")

#### Saving Structured Data with JSON

Python's `json` module provides an easy way to serialize (write) and deserialize (read) Python objects into JSON format, which is 
commonly used for data interchange.

1. Writing JSON to a file:

   import json

   data = {
       'name': 'Alice',
       'age': 30,
       'city': 'Wonderland'
   }

   with open('data.json', 'w') as json_file:
       json.dump(data, json_file)

2. Reading JSON from a file:

   with open('data.json', 'r') as json_file:
       loaded_data = json.load(json_file)
       print(loaded_data)

3. Handling JSON with Python objects:

   # Convert Python object to JSON string
   json_data = json.dumps(data)

   # Convert JSON string back to Python object
   python_obj = json.loads(json_data)

Using JSON allows you to store and exchange structured data efficiently between different platforms and languages.

#### Best Practices

- Use `with` statement: It ensures that files are properly closed after their suite (block of code) finishes, even if an exception
is raised.
- Handle exceptions: Wrap file operations in `try-except` blocks to handle potential errors.
- Close files explicitly: Although `with` statement automatically closes files, it's good practice to explicitly close files using
 `file.close()` in other contexts.

By mastering file operations and JSON handling in Python, you can effectively manage data input/output and integrate with various data
sources and formats.

=====================================================================================================================================

Understanding errors and exceptions in Python is crucial for writing robust and reliable code. Let's explore each of these concepts in
detail.

### Syntax Errors

Syntax errors, also known as parsing errors, occur when the code is not valid Python syntax. These errors are detected by the Python 
parser when it tries to interpret the script.

Example:

# Syntax error due to missing colon
if True
    print("Hello, World!")

### Exceptions

Exceptions are errors detected during execution that disrupt the normal flow of a program. They can occur due to various reasons such 
as invalid operations, I/O issues, or unexpected conditions.

Example:

# ZeroDivisionError: division by zero
result = 10 / 0

### Handling Exceptions

Handling exceptions allows you to gracefully recover from errors and continue execution without crashing the program.

Example:

try:
    result = 10 / 0
except ZeroDivisionError:
    print("Error: Division by zero")

### Raising Exceptions

You can raise exceptions manually to indicate errors or special conditions in your code.

Example:

x = -1
if x < 0:
    raise ValueError("x should be a non-negative number")

### Exception Chaining

Exception chaining allows you to capture an exception and raise a new one while preserving the original traceback.

Example:

try:
    file = open('nonexistent_file.txt', 'r')
except IOError as e:
    raise RuntimeError("An error occurred while opening the file") from e

### User-defined Exceptions

You can define custom exceptions by creating a new exception class derived from Python's built-in `Exception` class.

Example:

class MyCustomError(Exception):
    def __init__(self, message):
        self.message = message

try:
    raise MyCustomError("This is a custom error message")
except MyCustomError as e:
    print(e.message)

### Defining Clean-up Actions

Use the `finally` block to define clean-up actions that should be executed regardless of whether an exception occurred or not.

Example:

try:
    file = open('example.txt', 'r')
    try:
        content = file.read()
    finally:
        file.close()
except IOError:
    print("Error: File not found or cannot be read")

### Predefined Clean-up Actions

Python provides context managers like `with` statement for automatic clean-up of resources, such as file closing.

Example:

with open('example.txt', 'r') as file:
    content = file.read()
    # File automatically closed after the 'with' block

### Raising and Handling Multiple Unrelated Exceptions

You can handle multiple exceptions in separate `except` blocks or handle them together using a tuple.

Example:

try:
    # Code that may raise exceptions
except (ValueError, TypeError) as e:
    # Handle both ValueError and TypeError

# Enriching Exceptions with Notes

You can attach additional information or notes to exceptions using custom attributes or by subclassing exceptions.

Example:

class MyCustomError(Exception):
    def __init__(self, message, note):
        super().__init__(message)
        self.note = note

try:
    raise MyCustomError("An error occurred", "Additional information here")
except MyCustomError as e:
    print(e.message)
    print("Note:", e.note)

# Best Practices

- Handle exceptions where they occur: Use `try-except` blocks around specific sections of code that may raise exceptions.
- Be specific in exception handling: Catch specific exceptions rather than using broad `except` blocks.
- Clean up resources: Use `finally` or `with` statements to ensure resources are properly released.
- Use meaningful error messages: Provide descriptive error messages to aid in debugging.

By understanding and applying these concepts, you can write Python code that is robust, handles errors gracefully, and provides 
meaningful feedback in case of failures.

===================================================================================================================================

# Classes in Python

Classes are the fundamental building blocks of object-oriented programming (OOP) in Python. They allow you to define new types by 
grouping data attributes (variables) and methods (functions) that operate on those attributes. Here’s a detailed exploration of 
classes in Python:

# Defining a Class

To define a class in Python, use the `class` keyword followed by the class name. Inside the class block, you can define attributes and
methods.

Example:

class Car:
    def __init__(self, brand, model):
        self.brand = brand
        self.model = model

    def display_info(self):
        print(f"Car: {self.brand} {self.model}")

# Creating instances of the class
car1 = Car("BMW", "X5")
car2 = Car("Audi", "A4")

# Accessing attributes and calling methods
car1.display_info()  # Output: Car: BMW X5
car2.display_info()  # Output: Car: Audi A4

# Constructor (`__init__` method)

The `__init__` method is a special method (also known as the constructor) that initializes new objects when instances of the class are
created. It's called automatically when you create a new instance of the class.

Example:

class Car:
    def __init__(self, brand, model):
        self.brand = brand
        self.model = model

car = Car("BMW", "X5")
print(car.brand)  # Output: BMW
print(car.model)  # Output: X5

# Instance and Class Attributes

- Instance attributes are unique to each instance of a class and are defined within methods using `self`.
- Class attributes are shared by all instances of the class and are defined directly within the class but outside of any methods.

Example:

class Car:
    class_attribute = "Car"

    def __init__(self, brand, model):
        self.brand = brand  # Instance attribute
        self.model = model  # Instance attribute

car1 = Car("BMW", "X5")
car2 = Car("Audi", "A4")

print(car1.brand)  # Output: BMW
print(car2.brand)  # Output: Audi
print(car1.class_attribute)  # Output: Car
print(car2.class_attribute)  # Output: Car

#### Methods

Methods are functions defined inside a class. They can operate on the instance of the class (`self`) and can access or modify the 
instance attributes.

**Example:

class Car:
    def __init__(self, brand, model):
        self.brand = brand
        self.model = model

    def display_info(self):
        print(f"Car: {self.brand} {self.model}")

car = Car("BMW", "X5")
car.display_info()  # Output: Car: BMW X5

#### Inheritance

Inheritance allows you to define a new class (derived class) based on an existing class (base class). The derived class inherits 
attributes and methods from the base class and can also override them or define new ones.

Example:

class ElectricCar(Car):  # Inherits from Car class
    def __init__(self, brand, model, battery_capacity):
        super().__init__(brand, model)  # Calling base class constructor
        self.battery_capacity = battery_capacity

    def display_info(self):
        super().display_info()  # Calling base class method
        print(f"Battery Capacity: {self.battery_capacity} kWh")

electric_car = ElectricCar("Tesla", "Model S", 100)
electric_car.display_info()
# Output:
# Car: Tesla Model S
# Battery Capacity: 100 kWh

#Encapsulation, Polymorphism, and Abstraction

- Encapsulation: Encapsulation is the bundling of data (attributes) and methods that operate on the data into a single unit 
(class). It restricts direct access to some of an object's components to prevent the accidental modification of data.
  
- Polymorphism: Polymorphism allows methods to perform different actions based on the object that is calling them. It helps in 
reusing the same method in different contexts.

- Abstraction: Abstraction focuses on hiding the complex implementation details of a class from the user and only exposing the 
necessary parts.

#### A Word About Names and Objects

In Python, everything is an object. Objects are instances of classes, and each object has a unique identity (memory address), type 
(class), and value. Names (variables) refer to objects, and multiple names can refer to the same object.

Example:

class MyClass:
    pass

obj1 = MyClass()
obj2 = obj1  # obj1 and obj2 refer to the same object

print(type(obj1))  # Output: <class '__main__.MyClass'>
print(type(obj2))  # Output: <class '__main__.MyClass'>
print(obj1 is obj2)  # Output: True


Understanding classes and objects is essential for organizing and managing complex Python programs effectively, promoting code 
reusability and maintainability.

------------------------------------------------------------------------------------------------------------------------------------

### Python Scopes and Namespaces

In Python, namespaces are containers that hold mappings from names (identifiers) to objects. Scopes, on the other hand, define the 
visibility and accessibility of names within a program. Let's explore scopes and namespaces in Python with examples.

#### Namespaces

A namespace is a mapping from names to objects. Python implements namespaces as dictionaries, where names are keys and objects are 
values. Namespaces ensure that names are unique and can be used without conflicts.

- Built-in namespace: Contains built-in functions and exceptions.
- Global namespace: Contains names defined at the top level of a module or declared as global within a function.
- Local namespace: Contains names defined within a function, which are local to that function.

Example:

# Global namespace
global_var = 10

def my_function():
    # Local namespace
    local_var = 20
    print(f"Inside function - local_var: {local_var}, global_var: {global_var}")

my_function()
print(f"Outside function - global_var: {global_var}")

# Accessing built-in namespace
import math
print(f"Built-in namespace - pi: {math.pi}")

#### Scopes

Scopes define the visibility of names within a Python program. Python has the following scopes:

- Local scope: Names defined within a function are local to that function and are not accessible outside.
- Enclosing (non-local) scope**: Refers to the scope of the enclosing function if any (nested functions).
- Global scope: Names defined at the top level of a module or declared as global within a function.
- Built-in scope: Refers to the built-in functions and exceptions available in Python.

Example:

# Global scope
global_var = 10

def outer_function():
    # Enclosing scope
    enclosing_var = 20

    def inner_function():
        # Local scope
        local_var = 30
        print(f"Inner function - local_var: {local_var}, enclosing_var: {enclosing_var}, global_var: {global_var}")

    inner_function()
    print(f"Outer function - enclosing_var: {enclosing_var}, global_var: {global_var}")

outer_function()
print(f"Global scope - global_var: {global_var}")

# Accessing built-in scope
import math
print(f"Built-in scope - pi: {math.pi}")

#### Example with Scopes and Namespaces

Let's illustrate how scopes and namespaces work together in Python:

def outer_function():
    outer_var = 10

    def inner_function():
        inner_var = 20
        print(f"Inner function - inner_var: {inner_var}, outer_var: {outer_var}")

    inner_function()
    print(f"Outer function - outer_var: {outer_var}")

outer_function()

# Trying to access inner_var outside its scope will raise NameError
# print(f"Outside function - inner_var: {inner_var}")

In this example:
- `inner_var` is in the local namespace of `inner_function`.
- `outer_var` is in the local namespace of `outer_function` and is accessible in `inner_function` (enclosing scope).
- Namespaces ensure that variables defined in different scopes do not conflict with each other.
- Scopes determine where names can be accessed and modified in a Python program.

Understanding scopes and namespaces is fundamental for writing Python programs that are structured, maintainable, and free of naming 
conflicts.

-----------------------------------------------------------------------------------------------------------------------------------

### A First Look at Classes in Python

In Python, classes are used to create new types of objects with attributes (variables) and methods (functions) that operate on those 
attributes. Let's delve into the basics of classes, including their syntax, objects, methods, and variables.

#### Class Definition Syntax

To define a class in Python, use the `class` keyword followed by the class name. Inside the class block, you can define attributes and
methods.

Example:

    # Class variable
    class_var = 10

    def __init__(self, arg1, arg2):
        # Instance variables
        self.arg1 = arg1
        self.arg2 = arg2

    def instance_method(self):
        print(f"Instance method called with args: {self.arg1}, {self.arg2}")

    @classmethod
    def class_method(cls):
        print(f"Class method called with class variable: {cls.class_var}")

    @staticmethod
    def static_method():
        print("Static method called")

# Creating instances of the class
obj1 = MyClass(1, 2)
obj2 = MyClass(3, 4)

# Accessing instance variables and calling methods
obj1.instance_method()  # Output: Instance method called with args: 1, 2
MyClass.class_method()  # Output: Class method called with class variable: 10
MyClass.static_method()  # Output: Static method called

#### Class Objects

A class object is an instance of the class itself. It acts as a blueprint from which instances (objects) are created.

Example:

print(type(MyClass))  # Output: <class 'type'>

#### Instance Objects

Instance objects are created from a class and have their own unique attributes. Each instance has its own namespace separate from 
other instances of the same class.

Example:

print(type(obj1))  # Output: <class '__main__.MyClass'>
print(obj1.arg1)   # Output: 1
print(obj2.arg2)   # Output: 4


Method Objects

Methods in Python are functions defined inside a class. When accessed through an instance, they are bound methods, automatically 
passing the instance (`self`) as the first argument.

Example:

print(type(obj1.instance_method))  # Output: <class 'method'>

Class and Instance Variables

- Class variables are shared across all instances of a class and are defined at the class level. They are accessed using the class
name.
  
- Instance variables are unique to each instance of a class and are defined inside methods using `self`.

Example:

class MyClass:
    class_var = 10  # Class variable

    def __init__(self, arg1, arg2):
        self.arg1 = arg1  # Instance variable
        self.arg2 = arg2  # Instance variable

obj1 = MyClass(1, 2)
obj2 = MyClass(3, 4)

print(MyClass.class_var)  # Output: 10
print(obj1.arg1)          # Output: 1
print(obj2.arg2)          # Output: 4

Summary

- Classes in Python are defined using the `class` keyword.
- Objects are instances of classes and have their own attributes and methods.
- Methods are functions defined inside a class and operate on instance attributes using the `self` parameter.
- Variables in classes can be class variables (shared among all instances) or instance variables (unique to each instance).

Understanding classes and objects is essential for leveraging the power of object-oriented programming in Python, facilitating code 
organization, reuse, and maintainability.

-------------------------------------------------------------------------------------------------------------------------------------

need to review again

Certainly! Here are some random remarks and insights related to programming and Python:

1. Pythonic Code: Writing Pythonic code means adhering to Python's idioms and guidelines. It emphasizes readability, simplicity, 
and clarity. For example, using list comprehensions instead of traditional loops where appropriate, or leveraging context managers 
with the `with` statement for resource management.

2. Documentation: Documenting your code using docstrings (`"""..."""` or `'''...'''`) is crucial for making your code 
understandable to others and your future self. Tools like Sphinx can generate documentation from docstrings, making it easier to 
maintain and share your codebase.

3. Code Readability: Python emphasizes readability with its use of indentation (whitespace) to define blocks of code. This 
encourages clean and readable code but requires consistent indentation practices.

4. Virtual Environments: Using virtual environments (`venv` or `virtualenv`) is recommended to manage dependencies and isolate 
project environments. This prevents conflicts between different Python projects that require different package versions.

5. Python Package Index (PyPI): PyPI is the official repository for third-party Python packages. `pip`, Python's package installer,
allows easy installation of packages from PyPI. Always check the package's documentation and community support before using it.

6. Version Control: Version control systems like Git are essential for managing code versions, collaborating with others, and 
tracking changes. Platforms like GitHub, GitLab, and Bitbucket provide hosting and collaboration features for Git repositories.

7. Testing: Writing unit tests and integration tests helps ensure code correctness and reliability. Python's `unittest` and 
`pytest` are popular frameworks for testing Python code.

8. Performance Optimization: Python is generally optimized for developer productivity rather than raw speed. Techniques like 
algorithm optimization, caching, and using libraries written in C or Cython can improve performance for CPU-intensive tasks.

9. Concurrency and Parallelism: Python supports concurrency with threads and parallelism with multiprocessing. Libraries like 
`asyncio` facilitate asynchronous programming for I/O-bound tasks, while `multiprocessing` handles CPU-bound tasks.

10. Community and Resources: The Python community is vast and supportive. Forums like Stack Overflow, Python mailing lists, and 
community forums provide help and discussions. Official documentation (docs.python.org) and tutorials (realpython.com) are excellent 
resources for learning Python.

11. Best Practices: Follow Python Enhancement Proposals (PEPs) and best practices outlined in PEP8 for coding style and PEP20 
(The Zen of Python) for guiding principles. Consistency in style and adherence to conventions make code easier to read and maintain.

These remarks encapsulate various aspects of Python programming, focusing on good practices, tools, and resources that contribute to 
writing clean, efficient, and maintainable code.

------------------------------------------------------------------------------------------------------------------------------------

### Inheritance in Python

Inheritance is a key feature of object-oriented programming (OOP) that allows one class (subclass or derived class) to inherit the 
attributes and methods of another class (superclass or base class). This promotes code reuse and facilitates the creation of 
hierarchies of related classes. Let's explore inheritance in Python, including multiple inheritance.

#### Basic Inheritance

In Python, inheritance is defined by specifying the base class(es) in parentheses after the subclass name in the class definition.

Example:

class Animal:
    def __init__(self, name):
        self.name = name

    def speak(self):
        raise NotImplementedError("Subclass must implement abstract method")

class Dog(Animal):  # Dog inherits from Animal
    def speak(self):
        return f"{self.name} says Woof!"

class Cat(Animal):  # Cat inherits from Animal
    def speak(self):
        return f"{self.name} says Meow!"

# Creating instances of subclasses
dog = Dog("Buddy")
cat = Cat("Whiskers")

print(dog.speak())  # Output: Buddy says Woof!
print(cat.speak())  # Output: Whiskers says Meow!

- Explanation:
  - `Animal` is the base class with an `__init__` method to initialize `name` and an abstract method `speak`.
  - `Dog` and `Cat` are subclasses of `Animal` that inherit the `name` attribute and override the `speak` method.

#### Multiple Inheritance

Python supports multiple inheritance, where a subclass can inherit from more than one base class. This is achieved by listing all 
base classes in parentheses, separated by commas.

Example:

class Bird:
    def __init__(self, name):
        self.name = name

    def speak(self):
        return f"{self.name} sings beautifully!"

class Parrot(Bird, Animal):  # Parrot inherits from Bird and Animal
    def speak(self):
        return f"{self.name} says Squawk!"

# Creating instances of subclasses
parrot = Parrot("Polly")

print(parrot.speak())  # Output: Polly says Squawk!

- Explanation:
  - `Bird` and `Animal` are two base classes.
  - `Parrot` inherits from both `Bird` and `Animal`, inheriting their methods and attributes.
  - Method resolution order (MRO) determines the order in which methods are resolved in multiple inheritance scenarios. You can view 
the MRO using `ClassName.mro()`.

#### Method Resolution Order (MRO)

Method resolution order defines the order in which Python searches for methods and attributes in a class hierarchy. It follows a 
depth-first, left-to-right approach in multiple inheritance scenarios.

Example:

class A:
    def speak(self):
        return "Method from class A"

class B(A):
    def speak(self):
        return "Method from class B"

class C(A):
    def speak(self):
        return "Method from class C"

class D(B, C):
    pass

class E(C, B):
    pass

print(D().speak())  # Output: Method from class B
print(E().speak())  # Output: Method from class C

# MRO
print(D.mro())  # Output: [<class '__main__.D'>, <class '__main__.B'>, <class '__main__.C'>, <class '__main__.A'>, <class 'object'>]
print(E.mro())  # Output: [<class '__main__.E'>, <class '__main__.C'>, <class '__main__.B'>, <class '__main__.A'>, <class 'object'>]
```

- Explanation:
  - `D` inherits from `B` and `C`, so it prioritizes `B` over `C` due to the order of inheritance (`class D(B, C)`).
  - `E` inherits from `C` and `B`, so it prioritizes `C` over `B` due to the order of inheritance (`class E(C, B)`).
  - MRO can be accessed using the `ClassName.mro()` method, showing the order of method resolution.

In conclusion, inheritance and multiple inheritance in Python are powerful mechanisms for code reuse and creating class hierarchies. 
Understanding method resolution order is essential for managing and resolving conflicts in multiple inheritance scenarios.

-------------------------------------------------------------------------------------------------------------------------------------

### Private Variables in Python

In Python, private variables are not truly private in the strict sense that they cannot be accessed from outside the class. Python 
uses name mangling to make an instance variable private by prefixing it with double underscores (`__`). Let's explore private 
variables, iterators, generators, and generator expressions in Python.

#### Private Variables

Private variables in Python are intended for internal use within the class or subclass. They are not accessible directly from outside 
the class or its subclasses, which provides a level of data encapsulation.

Example:

class MyClass:
    def __init__(self):
        self.__private_var = 10  # Private variable

    def get_private_var(self):
        return self.__private_var

# Creating an instance of the class
obj = MyClass()

# Trying to access private variable directly will raise an AttributeError
# print(obj.__private_var)  # This would raise an AttributeError

# Accessing private variable using a getter method
print(obj.get_private_var())  # Output: 10

- Explanation:
  - `__private_var` is a private variable in `MyClass`.
  - Attempting to access `__private_var` directly from outside the class raises an `AttributeError`.
  - Private variables can be accessed indirectly within the class using methods like `get_private_var()`.

#### Iterators

Iterators in Python are objects that implement the iterator protocol, consisting of the `__iter__()` method and the `__next__()` 
method (or `next()` function in Python 2). Iterators are used to iterate over elements in a collection, one at a time, without needing
to know the internal structure of the collection.

Example:

class MyIterator:
    def __init__(self, data):
        self.data = data
        self.index = 0

    def __iter__(self):
        return self

    def __next__(self):
        if self.index >= len(self.data):
            raise StopIteration
        result = self.data[self.index]
        self.index += 1
        return result

# Using the iterator
my_list = [1, 2, 3, 4, 5]
my_iter = MyIterator(my_list)

for item in my_iter:
    print(item)

# Output: 1 2 3 4 5

- Explanation:
  - `MyIterator` implements the iterator protocol with `__iter__()` and `__next__()` methods.
  - `__iter__()` returns the iterator object itself.
  - `__next__()` returns the next item in the iteration and raises `StopIteration` when done.

Generators

Generators in Python are a convenient way to create iterators. They are defined using `yield` expressions within a function. 
Generators allow you to iterate over a potentially infinite sequence of values without creating them all at once, which saves memory 
and improves performance.

Example:

def my_generator():
    yield 1
    yield 2
    yield 3

# Using the generator
gen = my_generator()

for value in gen:
    print(value)

# Output: 1 2 3

- Explanation:
  - `my_generator()` is a generator function that uses `yield` to produce values one at a time.
  - Generators are iterators that generate values lazily, on-the-fly.
  - They retain their state between calls and can be iterated over only once.

Generator Expressions

Generator expressions are similar to list comprehensions but produce values lazily as needed. They are enclosed in parentheses `()` 
rather than brackets `[]` used for list comprehensions.

Example:

gen_exp = (x*x for x in range(5))

for value in gen_exp:
    print(value)

# Output: 0 1 4 9 16


- Explanation:
  - `gen_exp` is a generator expression that produces squares of numbers from 0 to 4.
  - Generator expressions are memory efficient and suitable for large sequences where you only need to iterate once.

Summary

- Private Variables: Use double underscores (`__`) to create private variables in Python classes.
- Iterators: Implement the iterator protocol with `__iter__()` and `__next__()` (or `next()` in Python 2) to create iterators.
- Generators: Use `yield` to create generator functions that produce values lazily.
- Generator Expressions: Use generator expressions `(expression for item in iterable)` for lazy evaluation of sequences.

Understanding these concepts in Python allows you to leverage its powerful capabilities for efficient data processing, iteration, and 
resource management.

====================================================================================================================================

Certainly! Let's explore each of these concepts in detail with examples from Python's Standard Library.

Brief Tour of the Standard Library

Python's Standard Library (`stdlib`) is extensive and includes modules that provide functionality ranging from file I/O to networking 
and web services. Here are some key modules and their functionalities:

Operating System Interface (`os`)

The `os` module provides a portable way of interacting with the operating system. It includes functions for file operations, directory
access, and process management.

Example: Checking current working directory

import os

cwd = os.getcwd()
print("Current working directory:", cwd)


File Wildcards (`glob`)

The `glob` module finds all the pathnames matching a specified pattern according to the rules used by the Unix shell.

Example: List all Python files in the current directory

import glob

python_files = glob.glob('*.py')
print("Python files in current directory:", python_files)


Command Line Arguments (`sys`)

The `sys` module provides access to some variables used or maintained by the interpreter and to functions that interact strongly with 
the interpreter.

Example: Accessing command line arguments

import sys

args = sys.argv
print("Command line arguments:", args)


Error Output Redirection and Program Termination (`sys`)

The `sys` module also provides functions for controlling the interpreter’s features such as the standard input, output, and error 
streams.

Example: Redirecting error output to a file

import sys

try:
    x = 1 / 0
except ZeroDivisionError:
    sys.stderr.write("Error: Cannot divide by zero\n")
    sys.exit(1)

String Pattern Matching (`re`)

The `re` module provides regular expression matching operations similar to those found in Perl.

Example: Matching a pattern in a string

import re

pattern = r'\b\w+@\w+\.\w+\b'
text = "Emails: alice@example.com, bob@gmail.com"
emails = re.findall(pattern, text)
print("Found emails:", emails)

Mathematics (`math`)

The `math` module provides access to mathematical functions defined by the C standard.

Example: Computing factorial

import math

fact = math.factorial(5)
print("Factorial of 5:", fact)

Internet Access (`urllib`)

The `urllib` module provides a high-level interface for fetching data across the World Wide Web.

Example: Fetching a webpage

import urllib.request

response = urllib.request.urlopen('https://www.example.com')
html = response.read()
print("Webpage content:", html[:100])

Dates and Times (`datetime`)

The `datetime` module supplies classes for manipulating dates and times.

Example: Displaying current date and time

from datetime import datetime

now = datetime.now()
print("Current date and time:", now)


Data Compression (`gzip`, `zipfile`)

Modules like `gzip` and `zipfile` provide support for various data compression and archive formats.

Example: Compressing a file with gzip

import gzip

with open('file.txt', 'rb') as f_in:
    with gzip.open('file.txt.gz', 'wb') as f_out:
        f_out.writelines(f_in)

Performance Measurement (`timeit`)

The `timeit` module provides a simple way to time small bits of Python code.

Example: Measuring execution time

import timeit

code_to_test = """
sum(range(1000))
"""

execution_time = timeit.timeit(code_to_test, number=10000)
print("Execution time:", execution_time)


Quality Control (`unittest`)

The `unittest` module provides a framework for writing and running tests.

Example: Unit test for a function

import unittest

def add(x, y):
    return x + y

class TestAddFunction(unittest.TestCase):
    def test_add(self):
        self.assertEqual(add(3, 4), 7)
        self.assertEqual(add(-2, 2), 0)

if __name__ == '__main__':
    unittest.main()

Batteries Included

Python's philosophy of "batteries included" means that the Standard Library comes with a wide array of modules and tools, covering 
many common programming tasks. This approach promotes code reuse, reduces dependency on third-party libraries for basic 
functionalities, and encourages uniformity in Python codebases.

By leveraging these modules from the Standard Library, Python developers can build robust applications efficiently, focusing more on 
application logic rather than reinventing the wheel for common tasks.

===================================================================================================================================

Certainly! Let's delve into each of these concepts in detail, exploring examples from Python's Standard Library where applicable.

Brief Tour of the Standard Library — Part II

Output Formatting (`str.format` and `f-strings`)

Python provides several ways to format output strings. The `str.format()` method and formatted string literals (f-strings) are two 
powerful tools for string formatting.

Example using `str.format()`:

name = "Alice"
age = 30
formatted_str = "Name: {}, Age: {}".format(name, age)
print(formatted_str)
# Output: Name: Alice, Age: 30

Example using f-strings (Python 3.6 and later):

name = "Alice"
age = 30
formatted_str = f"Name: {name}, Age: {age}"
print(formatted_str)
# Output: Name: Alice, Age: 30

Templating (`string.Template`)

The `string.Template` class provides simpler string substitution syntax, allowing you to define templates with placeholders and 
substitute values.

Example:

from string import Template

template = Template("$name is $age years old.")
result = template.substitute(name="Alice", age=30)
print(result)
# Output: Alice is 30 years old.


Working with Binary Data Record Layouts (`struct`)

The `struct` module allows for working with C-style data structures in Python, enabling packing and unpacking of binary data.

Example: Packing and unpacking binary data

import struct

# Packing data into binary format
data = struct.pack('hhl', 1, 2, 3)
print("Packed data:", data)

# Unpacking binary data
unpacked_data = struct.unpack('hhl', data)
print("Unpacked data:", unpacked_data)
# Output: Unpacked data: (1, 2, 3)


Multi-threading (`threading`)

The `threading` module provides a high-level interface for concurrent programming using threads in Python.

Example: Creating and starting threads

import threading
import time

def print_numbers():
    for i in range(5):
        print(threading.current_thread().name, i)
        time.sleep(0.5)

# Creating threads
thread1 = threading.Thread(target=print_numbers, name="Thread-1")
thread2 = threading.Thread(target=print_numbers, name="Thread-2")

# Starting threads
thread1.start()
thread2.start()

# Waiting for threads to complete
thread1.join()
thread2.join()

print("Threads execution completed.")

Logging (`logging`)

The `logging` module provides a flexible framework for logging messages from Python programs. It supports different levels of severity
and can output to different destinations (e.g., console, files).

Example: Basic logging setup

import logging

# Configure logging
logging.basicConfig(level=logging.INFO, format='%(asctime)s - %(levelname)s - %(message)s')

# Example usage
logging.debug('This is a debug message')
logging.info('This is an info message')
logging.warning('This is a warning message')
logging.error('This is an error message')
logging.critical('This is a critical message')


Weak References (`weakref`)

The `weakref` module provides tools for creating weak references to objects in Python. Weak references do not prevent the referenced 
object from being garbage collected.

Example: Using weak references

import weakref

class MyClass:
    pass

obj = MyClass()
weak_ref = weakref.ref(obj)

print("Object still exists:", weak_ref() is not None)

del obj
print("Object still exists after deletion:", weak_ref() is not None)


Tools for Working with Lists (`collections`)

The `collections` module provides specialized container datatypes beyond the built-in types like `list`, `dict`, etc. Examples include
`namedtuple`, `deque`, `Counter`, etc.

Example: Using `namedtuple` for a named tuple


from collections import namedtuple

# Defining a named tuple
Point = namedtuple('Point', ['x', 'y'])

# Creating instances of Point
p1 = Point(1, 2)
p2 = Point(3, 4)

print("Point p1:", p1)
print("Point p2:", p2)


Decimal Floating Point Arithmetic (`decimal`)

The `decimal` module provides support for fast correctly-rounded decimal floating point arithmetic.

Example: Performing decimal arithmetic


from decimal import Decimal, getcontext

# Setting precision
getcontext().prec = 4

# Decimal arithmetic
x = Decimal('3.1415')
y = Decimal('2.7182')
result = x * y

print("Result of multiplication:", result)
# Output: Result of multiplication: 8.539


Summary

Python's Standard Library offers a vast array of modules and tools that facilitate various programming tasks efficiently. These 
examples demonstrate the versatility and utility of the Standard Library in handling diverse programming challenges from string 
formatting to concurrency, logging, and data manipulation. Leveraging these modules allows Python developers to write robust and 
efficient code while minimizing dependencies on external libraries.

====================================================================================================================================

Virtual Environments and Packages in Python

Introduction

Virtual environments and package management are essential tools in Python development. They help isolate project dependencies and 
manage different sets of packages for different projects. This ensures that your project remains consistent and avoids conflicts with 
other Python projects on the same machine.

Creating Virtual Environments

Python comes with a built-in module called `venv` for creating lightweight virtual environments. Here’s how you can create and 
activate a virtual environment:

1. Creating a Virtual Environment:

   Open a terminal or command prompt and navigate to your project directory.

   Create a virtual environment named 'myenv'
   python -m venv myenv

   This creates a directory named `myenv` which contains a standalone Python interpreter and a copy of the standard Python library.

2. Activating the Virtual Environment:

   After creating the virtual environment, you need to activate it:

   - On Windows:

     myenv\Scripts\activate

   - On macOS and Linux:

     source myenv/bin/activate

   Activating the virtual environment modifies the shell’s PATH to use the isolated Python interpreter and packages installed within 
`myenv`.

3. Deactivating the Virtual Environment:

   To deactivate the virtual environment and return to the global Python environment:

   deactivate
   

Managing Packages with pip

Once inside a virtual environment, you can use `pip` (Python’s package installer) to manage packages. Here are some common `pip` 
commands:

- Installing a Package:

  pip install package_name

  Example: Install `requests` package

  pip install requests

- Listing Installed Packages:

  pip list
  

- Installing Packages from a Requirements File:

  Create a file named `requirements.txt` listing all dependencies and their versions:

  requests==2.26.0
  Flask==2.0.1
  

  Install packages from `requirements.txt`:

 
  pip install -r requirements.txt
  

- Upgrading a Package:

  pip install --upgrade package_name
  

- Uninstalling a Package:

  pip uninstall package_name
  

Example Workflow

Here's a step-by-step example of using virtual environments and `pip`:

1. Create and Activate Virtual Environment:

   python -m venv myenv
   source myenv/bin/activate  # On macOS/Linux
   myenv\Scripts\activate      # On Windows
   

2. Install Packages:

   pip install requests
   

3. Use Packages in Your Python Project:

   import requests

   response = requests.get('https://api.example.com/data')
   print(response.json())
   

4. Deactivate Virtual Environment:

   deactivate
   

Summary

Virtual environments and `pip` are fundamental tools for Python developers to manage project dependencies effectively. They enable 
isolating project-specific dependencies, ensuring package version consistency, and avoiding conflicts between different projects. By 
using virtual environments, developers can maintain cleaner and more organized Python development environments, enhancing project 
stability and reproducibility across different systems.

====================================================================================================================================

Certainly! Let's delve into each of these concepts related to Python interactive sessions and alternative tools for running Python 
code.

Interactive Input Editing and History Substitution

Interactive Input Editing

Interactive input editing refers to the ability to edit previously entered commands or input lines in an interactive Python session. 
This feature allows users to correct mistakes or modify commands before execution.

Example:

In a Python interactive session (like IDLE or IPython), you can use arrow keys to navigate through previously entered commands. You 
can also use keyboard shortcuts to edit the current command line. For example, in IPython:

In [1]: x = 10

In [2]: y = 20

In [3]: z = x + y

In [4]: z
Out[4]: 30

Editing the previous line (press 'Ctrl + P' to access previous line, edit it and press Enter)
In [5]: z = x * y

In [6]: z
Out[6]: 200


History Substitution

History substitution allows you to recall and modify previous commands using special characters or shortcuts. This can save time by 
avoiding re-typing or re-entering complex commands.

Example:

In IPython or similar interactive environments, you can use `!` followed by a command number to execute or modify previously executed 
commands:


In [1]: !ls -l

# Re-execute and modify command 1 by appending another parameter
In [2]: !ls -lh

Tab Completion and History Editing

Tab Completion

Tab completion in Python interactive sessions helps quickly complete variable names, function names, module names, etc. It enhances 
productivity by reducing typing and providing suggestions.

Example:

In IPython or Jupyter notebooks, type a few letters and press `Tab` to autocomplete:


In [1]: imp<Tab>   # Typing 'imp' and pressing Tab will suggest completing to 'import'


History Editing

History editing allows you to search through and modify the command history interactively. This can include recalling, editing, and 
re-executing previous commands easily.

Example:

In IPython, you can use `Ctrl + R` to search backward through the command history:

In [1]: # Press 'Ctrl + R', start typing 'import', it will find and show matching history commands


Alternatives to the Interactive Interpreter

While Python's built-in interactive interpreter (`python` or `python3` in the terminal) is widely used, there are alternative 
environments that offer enhanced features for interactive Python coding:

1. IPython (Interactive Python):
   - IPython provides an enhanced interactive Python shell with features like tab completion, object introspection, and history 
management.

2. Jupyter Notebooks:
   - Jupyter notebooks are web-based interactive environments that support live code execution, visualizations, and markdown text. 
They are widely used in data science and education.

3. Spyder IDE (Scientific Python Development Environment):
   - Spyder provides an interactive development environment specifically designed for scientific computing with Python. It includes an
interactive console with variable exploration and debugging features.

4. PyCharm Professional Edition:
   - PyCharm Professional Edition includes an enhanced Python console with features like code completion, debugging, and interactive 
exploration of variables.

Summary

Interactive input editing, history substitution, tab completion, and history editing are powerful features that enhance productivity 
and flexibility when working in Python interactive sessions. They allow for efficient command recall, editing, and execution, 
minimizing typing and enabling rapid experimentation and debugging. Additionally, alternative tools like IPython, Jupyter notebooks, 
Spyder, and PyCharm Professional Edition offer advanced features beyond the standard Python interactive interpreter, catering to 
specific needs in development, data science, and scientific computing.

=====================================================================================================================================

Floating Point Arithmetic: Issues and Limitations

Floating point arithmetic in computers, including Python, is based on the IEEE 754 standard. While it allows for efficient representation
and computation of real numbers, it also introduces some issues and limitations due to the finite precision of floating point numbers.

Issues and Limitations

1. Representation Error:

   Floating point numbers cannot precisely represent all real numbers. This leads to representation errors, where some numbers cannot 
be represented exactly and are approximated instead.

   Example:

   x = 0.1 + 0.2
   print(x)  # Output: 0.30000000000000004
   

   Here, `0.1 + 0.2` should ideally be `0.3`, but due to representation error in floating point arithmetic, the result is slightly off


2. Precision Limitation:

   Floating point numbers have limited precision. Operations on very large or very small numbers, or operations that involve many 
intermediate steps, can lead to loss of precision.

   Example:

   python
   x = 10**20 + 1 - 10**20
   print(x)  # Output: 0
   

   The expression `10**20 + 1 - 10**20` should result in `1`, but due to precision limitations, the result is `0`.

3. Comparing Floating Point Numbers:

   Comparing floating point numbers for equality can be tricky due to representation errors. It's often better to check if two numbers
are close enough (within a tolerance) rather than exact equality.

   Example:

   
   x = 0.1 + 0.2
   y = 0.3
   print(x == y)  # Output: False

   # Compare with tolerance
   tolerance = 1e-10
   print(abs(x - y) < tolerance)  # Output: True
   

   Here, comparing `x` and `y` directly for equality (`x == y`) yields `False` due to representation error. Using a tolerance 
(`abs(x - y) < tolerance`) gives the expected result.

Representation Error

Representation error occurs because floating point numbers are stored in a binary format with a fixed number of bits for the mantissa 
(significant digits) and exponent. Some decimal numbers cannot be represented exactly in this binary format, leading to approximation.

Example:

Consider the following example where `0.1 + 0.2` does not exactly equal `0.3`:


x = 0.1 + 0.2
print(x)  # Output: 0.30000000000000004

Check if x is close to 0.3
tolerance = 1e-10
print(abs(x - 0.3) < tolerance)  # Output: True


In this case, `0.1` and `0.2` cannot be represented exactly in binary, leading to a small representation error when they are added 
together.

Handling Floating Point Arithmetic Issues

To mitigate issues with floating point arithmetic in Python, consider the following strategies:

- Avoid equality comparisons: Instead of checking `x == y`, use `abs(x - y) < tolerance` with an appropriate tolerance level.
  
- Use decimal module for precise decimal arithmetic: Python's `decimal` module provides support for decimal floating point arithmetic
with configurable precision, useful for financial and decimal-based computations.
  
- Know the limitations: Understand the limitations of floating point arithmetic and adjust your algorithms or comparisons accordingly.
  
- Avoid accumulation of rounding errors: Minimize operations that involve significant accumulation of rounding errors, especially 
in iterative algorithms.

By understanding these issues and using appropriate techniques, you can effectively handle floating point arithmetic in Python, ensuring
 accurate and reliable computation results in your applications.

=====================================================================================================================================
Explaining Python Topics in Detail

Let's dive into each of the topics you've mentioned and explore them with examples where applicable.

1. Interactive Mode

Python's interactive mode allows you to enter and execute Python commands directly from the command line or an interactive interpreter
like IDLE, IPython, or Jupyter notebook. It provides a convenient way to test small code snippets, explore Python features, and quickly
experiment with language constructs.

Example:

Open a terminal or command prompt and start Python in interactive mode:


$ python


Once in the interactive mode, you can directly type Python statements and see their results immediately:

python
>>> x = 10
>>> y = 20
>>> x + y
30
>>> import math
>>> math.sqrt(25)
5.0


Interactive mode is particularly useful for quick calculations, testing functions, or exploring unfamiliar modules.

2. Error Handling

Error handling in Python allows you to gracefully manage and recover from exceptions (errors) that occur during program execution. 
Python's `try-except` blocks are used to catch and handle exceptions, preventing abrupt program termination and providing feedback to 
users about what went wrong.

Example:


try:
    num = int(input("Enter a number: "))
    result = 10 / num
    print("Result:", result)
except ZeroDivisionError:
    print("Error: Cannot divide by zero.")
except ValueError:
    print("Error: Invalid input. Please enter a valid number.")


In this example:
- The `try` block attempts to execute statements that may raise exceptions.
- If an exception occurs (e.g., `ZeroDivisionError` or `ValueError`), the corresponding `except` block handles it by printing an error
message.

3. Executable Python Scripts

Python scripts are plain text files containing Python code that can be executed directly from the command line or an IDE. To make a 
Python script executable on Unix-like systems (Linux, macOS), you need to add a shebang line (`#!`) at the beginning of the script, 
specifying the path to the Python interpreter.

Example:

Create a Python script `hello.py`:

#!/usr/bin/env python

print("Hello, World!")


Make the script executable (Unix-like systems):

$ chmod +x hello.py


Execute the script:

$ ./hello.py
Hello, World!

4. The Interactive Startup File

Python allows customization of the interactive environment using a startup file (`~/.pythonrc` or `PYTHONSTARTUP`). This file can 
contain Python code that is executed every time you start an interactive Python session. It's useful for setting up aliases, importing
modules, or defining functions that you frequently use.

Example:

Create a file `~/.pythonrc` (or `PYTHONSTARTUP` environment variable):

# Example ~/.pythonrc

import math

def greet(name):
    print(f"Hello, {name}!")

print("Custom Python environment initialized.")


Next time you start Python interactively:


$ python
Python 3.9.6 (default, Jul 12 2021, 11:00:00)
[GCC 9.3.0] on linux
Type "help", "copyright", "credits" or "license" for more information.
>>> greet("Alice")
Hello, Alice!


5. The Customization Modules

Python supports customization through various modules and configuration options. These modules allow you to modify Python's behavior, 
extend its capabilities, or tailor it to specific needs.

Example:

- sitecustomize module: Customize the site-specific configurations for Python installations.
  
- usercustomize module: Personalize Python's behavior for a specific user.
  
- configparser module: Read and write configuration files, modifying Python behavior based on settings.

Example using configparser module:


# Example configuration file 'config.ini'

[UserSettings]
username = Alice
theme = dark


python
# Example Python script reading config file

import configparser

config = configparser.ConfigParser()
config.read('config.ini')

username = config['UserSettings']['username']
theme = config['UserSettings']['theme']

print(f"Welcome, {username}! Using {theme} theme.")


Summary

These Python concepts—interactive mode, error handling, executable scripts, interactive startup files, and customization 
modules—provide powerful tools for interactive programming, handling errors gracefully, creating standalone applications, customizing 
Python environments, and configuring Python behavior to suit specific requirements. Understanding and leveraging these concepts 
enhance productivity and flexibility in Python development, enabling efficient coding practices and customized environments tailored 
to individual or organizational needs.

+++++++++++++++++++++++++++++++++++++++++++++++++++++++++++++++++++++++++++++++++++++++++++++++++++++++++++++++++++++++++++++++++++++
books = [
    "The Great Gatsby", "1984", "To Kill a Mockingbird", "The Catcher in the Rye", "The Hobbit"
]

borrowed = [False] * len(books)

def display_available_books():
    print("\nAvailable Books:")
    for i, book in enumerate(books):
        if not borrowed[i]:
            print(f"{i + 1}. {book}")

def borrow_book():
    display_available_books()
    book_number = int(input("\nEnter the number of the book you want to borrow: "))

    if book_number < 1 or book_number > len(books):
        print("Invalid book number. Please try again.")
        return

    index = book_number - 1
    if borrowed[index]:
        print("Sorry, the book is already borrowed.")
    else:
        borrowed[index] = True
        print(f'You have borrowed "{books[index]}".')

def return_book():
    book_number = int(input("\nEnter the number of the book you want to return: "))

    if book_number < 1 or book_number > len(books):
        print("Invalid book number. Please try again.")
        return

    index = book_number - 1
    if not borrowed[index]:
        print("The book was not borrowed.")
    else:
        borrowed[index] = False
        print(f'You have returned "{books[index]}".')

def main():
    exit = False
    while not exit:
        print("\nLibrary Management System")
        print("1. Display available books")
        print("2. Borrow a book")
        print("3. Return a book")
        print("4. Exit")
        choice = int(input("Enter your choice: "))

        if choice == 1:
            display_available_books()
        elif choice == 2:
            borrow_book()
        elif choice == 3:
            return_book()
        elif choice == 4:
            exit = True
            print("Exiting the system. Goodbye!")
        else:
            print("Invalid choice. Please try again.")

if __name__ == "__main__":
    main()

